Archive member included to satisfy reference by file (symbol)

C:/ST/STM32CubeIDE_1.14.1/STM32CubeIDE/plugins/com.st.stm32cube.ide.mcu.externaltools.gnu-tools-for-stm32.13.3.rel1.win32_1.0.0.202411081344/tools/bin/../lib/gcc/arm-none-eabi/13.3.1/../../../../arm-none-eabi/lib/thumb/v7e-m+fp/hard\libc_nano.a(libc_a-exit.o)
                              C:/ST/STM32CubeIDE_1.14.1/STM32CubeIDE/plugins/com.st.stm32cube.ide.mcu.externaltools.gnu-tools-for-stm32.13.3.rel1.win32_1.0.0.202411081344/tools/bin/../lib/gcc/arm-none-eabi/13.3.1/../../../../arm-none-eabi/lib/thumb/v7e-m+fp/hard/crt0.o (exit)
C:/ST/STM32CubeIDE_1.14.1/STM32CubeIDE/plugins/com.st.stm32cube.ide.mcu.externaltools.gnu-tools-for-stm32.13.3.rel1.win32_1.0.0.202411081344/tools/bin/../lib/gcc/arm-none-eabi/13.3.1/../../../../arm-none-eabi/lib/thumb/v7e-m+fp/hard\libc_nano.a(libc_a-malloc.o)
                              ./Core/Src/main.o (malloc)
C:/ST/STM32CubeIDE_1.14.1/STM32CubeIDE/plugins/com.st.stm32cube.ide.mcu.externaltools.gnu-tools-for-stm32.13.3.rel1.win32_1.0.0.202411081344/tools/bin/../lib/gcc/arm-none-eabi/13.3.1/../../../../arm-none-eabi/lib/thumb/v7e-m+fp/hard\libc_nano.a(libc_a-mallocr.o)
                              C:/ST/STM32CubeIDE_1.14.1/STM32CubeIDE/plugins/com.st.stm32cube.ide.mcu.externaltools.gnu-tools-for-stm32.13.3.rel1.win32_1.0.0.202411081344/tools/bin/../lib/gcc/arm-none-eabi/13.3.1/../../../../arm-none-eabi/lib/thumb/v7e-m+fp/hard\libc_nano.a(libc_a-malloc.o) (_malloc_r)
C:/ST/STM32CubeIDE_1.14.1/STM32CubeIDE/plugins/com.st.stm32cube.ide.mcu.externaltools.gnu-tools-for-stm32.13.3.rel1.win32_1.0.0.202411081344/tools/bin/../lib/gcc/arm-none-eabi/13.3.1/../../../../arm-none-eabi/lib/thumb/v7e-m+fp/hard\libc_nano.a(libc_a-mlock.o)
                              C:/ST/STM32CubeIDE_1.14.1/STM32CubeIDE/plugins/com.st.stm32cube.ide.mcu.externaltools.gnu-tools-for-stm32.13.3.rel1.win32_1.0.0.202411081344/tools/bin/../lib/gcc/arm-none-eabi/13.3.1/../../../../arm-none-eabi/lib/thumb/v7e-m+fp/hard\libc_nano.a(libc_a-mallocr.o) (__malloc_lock)
C:/ST/STM32CubeIDE_1.14.1/STM32CubeIDE/plugins/com.st.stm32cube.ide.mcu.externaltools.gnu-tools-for-stm32.13.3.rel1.win32_1.0.0.202411081344/tools/bin/../lib/gcc/arm-none-eabi/13.3.1/../../../../arm-none-eabi/lib/thumb/v7e-m+fp/hard\libc_nano.a(libc_a-findfp.o)
                              C:/ST/STM32CubeIDE_1.14.1/STM32CubeIDE/plugins/com.st.stm32cube.ide.mcu.externaltools.gnu-tools-for-stm32.13.3.rel1.win32_1.0.0.202411081344/tools/bin/../lib/gcc/arm-none-eabi/13.3.1/../../../../arm-none-eabi/lib/thumb/v7e-m+fp/hard\libc_nano.a(libc_a-exit.o) (__stdio_exit_handler)
C:/ST/STM32CubeIDE_1.14.1/STM32CubeIDE/plugins/com.st.stm32cube.ide.mcu.externaltools.gnu-tools-for-stm32.13.3.rel1.win32_1.0.0.202411081344/tools/bin/../lib/gcc/arm-none-eabi/13.3.1/../../../../arm-none-eabi/lib/thumb/v7e-m+fp/hard\libc_nano.a(libc_a-fwalk.o)
                              C:/ST/STM32CubeIDE_1.14.1/STM32CubeIDE/plugins/com.st.stm32cube.ide.mcu.externaltools.gnu-tools-for-stm32.13.3.rel1.win32_1.0.0.202411081344/tools/bin/../lib/gcc/arm-none-eabi/13.3.1/../../../../arm-none-eabi/lib/thumb/v7e-m+fp/hard\libc_nano.a(libc_a-findfp.o) (_fwalk_sglue)
C:/ST/STM32CubeIDE_1.14.1/STM32CubeIDE/plugins/com.st.stm32cube.ide.mcu.externaltools.gnu-tools-for-stm32.13.3.rel1.win32_1.0.0.202411081344/tools/bin/../lib/gcc/arm-none-eabi/13.3.1/../../../../arm-none-eabi/lib/thumb/v7e-m+fp/hard\libc_nano.a(libc_a-sprintf.o)
                              ./Core/Src/main.o (sprintf)
C:/ST/STM32CubeIDE_1.14.1/STM32CubeIDE/plugins/com.st.stm32cube.ide.mcu.externaltools.gnu-tools-for-stm32.13.3.rel1.win32_1.0.0.202411081344/tools/bin/../lib/gcc/arm-none-eabi/13.3.1/../../../../arm-none-eabi/lib/thumb/v7e-m+fp/hard\libc_nano.a(libc_a-stdio.o)
                              C:/ST/STM32CubeIDE_1.14.1/STM32CubeIDE/plugins/com.st.stm32cube.ide.mcu.externaltools.gnu-tools-for-stm32.13.3.rel1.win32_1.0.0.202411081344/tools/bin/../lib/gcc/arm-none-eabi/13.3.1/../../../../arm-none-eabi/lib/thumb/v7e-m+fp/hard\libc_nano.a(libc_a-findfp.o) (__sread)
C:/ST/STM32CubeIDE_1.14.1/STM32CubeIDE/plugins/com.st.stm32cube.ide.mcu.externaltools.gnu-tools-for-stm32.13.3.rel1.win32_1.0.0.202411081344/tools/bin/../lib/gcc/arm-none-eabi/13.3.1/../../../../arm-none-eabi/lib/thumb/v7e-m+fp/hard\libc_nano.a(libc_a-memset.o)
                              C:/ST/STM32CubeIDE_1.14.1/STM32CubeIDE/plugins/com.st.stm32cube.ide.mcu.externaltools.gnu-tools-for-stm32.13.3.rel1.win32_1.0.0.202411081344/tools/bin/../lib/gcc/arm-none-eabi/13.3.1/../../../../arm-none-eabi/lib/thumb/v7e-m+fp/hard/crt0.o (memset)
C:/ST/STM32CubeIDE_1.14.1/STM32CubeIDE/plugins/com.st.stm32cube.ide.mcu.externaltools.gnu-tools-for-stm32.13.3.rel1.win32_1.0.0.202411081344/tools/bin/../lib/gcc/arm-none-eabi/13.3.1/../../../../arm-none-eabi/lib/thumb/v7e-m+fp/hard\libc_nano.a(libc_a-closer.o)
[...]
Memory Configuration

Name             Origin             Length             Attributes
CCMRAM           0x10000000         0x00010000         xrw
RAM              0x20000000         0x00020000         xrw
FLASH            0x08000000         0x00100000         xr
*default*        0x00000000         0xffffffff

Linker script and memory map

LOAD C:/ST/STM32CubeIDE_1.14.1/STM32CubeIDE/plugins/com.st.stm32cube.ide.mcu.externaltools.gnu-tools-for-stm32.13.3.rel1.win32_1.0.0.202411081344/tools/bin/../lib/gcc/arm-none-eabi/13.3.1/thumb/v7e-m+fp/hard/crti.o
LOAD C:/ST/STM32CubeIDE_1.14.1/STM32CubeIDE/plugins/com.st.stm32cube.ide.mcu.externaltools.gnu-tools-for-stm32.13.3.rel1.win32_1.0.0.202411081344/tools/bin/../lib/gcc/arm-none-eabi/13.3.1/thumb/v7e-m+fp/hard/crtbegin.o
LOAD C:/ST/STM32CubeIDE_1.14.1/STM32CubeIDE/plugins/com.st.stm32cube.ide.mcu.externaltools.gnu-tools-for-stm32.13.3.rel1.win32_1.0.0.202411081344/tools/bin/../lib/gcc/arm-none-eabi/13.3.1/../../../../arm-none-eabi/lib/thumb/v7e-m+fp/hard/crt0.o
LOAD ./Core/Src/fatfs_sd.o
LOAD ./Core/Src/main.o
LOAD ./Core/Src/stm32f4xx_hal_msp.o
LOAD ./Core/Src/stm32f4xx_it.o
LOAD ./Core/Src/syscalls.o
LOAD ./Core/Src/sysmem.o
LOAD ./Core/Src/system_stm32f4xx.o
LOAD ./Core/Startup/startup_stm32f407vgtx.o
LOAD ./Drivers/STM32F4xx_HAL_Driver/Src/stm32f4xx_hal.o
LOAD ./Drivers/STM32F4xx_HAL_Driver/Src/stm32f4xx_hal_adc.o
LOAD ./Drivers/STM32F4xx_HAL_Driver/Src/stm32f4xx_hal_adc_ex.o
LOAD ./Drivers/STM32F4xx_HAL_Driver/Src/stm32f4xx_hal_can.o
LOAD ./Drivers/STM32F4xx_HAL_Driver/Src/stm32f4xx_hal_cortex.o
LOAD ./Drivers/STM32F4xx_HAL_Driver/Src/stm32f4xx_hal_dma.o
LOAD ./Drivers/STM32F4xx_HAL_Driver/Src/stm32f4xx_hal_dma_ex.o
LOAD ./Drivers/STM32F4xx_HAL_Driver/Src/stm32f4xx_hal_exti.o
LOAD ./Drivers/STM32F4xx_HAL_Driver/Src/stm32f4xx_hal_flash.o
LOAD ./Drivers/STM32F4xx_HAL_Driver/Src/stm32f4xx_hal_flash_ex.o
LOAD ./Drivers/STM32F4xx_HAL_Driver/Src/stm32f4xx_hal_flash_ramfunc.o
LOAD ./Drivers/STM32F4xx_HAL_Driver/Src/stm32f4xx_hal_gpio.o
LOAD ./Drivers/STM32F4xx_HAL_Driver/Src/stm32f4xx_hal_pwr.o
LOAD ./Drivers/STM32F4xx_HAL_Driver/Src/stm32f4xx_hal_pwr_ex.o
LOAD ./Drivers/STM32F4xx_HAL_Driver/Src/stm32f4xx_hal_rcc.o
LOAD ./Drivers/STM32F4xx_HAL_Driver/Src/stm32f4xx_hal_rcc_ex.o
LOAD ./Drivers/STM32F4xx_HAL_Driver/Src/stm32f4xx_hal_spi.o
LOAD ./Drivers/STM32F4xx_HAL_Driver/Src/stm32f4xx_hal_tim.o
LOAD ./Drivers/STM32F4xx_HAL_Driver/Src/stm32f4xx_hal_tim_ex.o
LOAD ./Drivers/STM32F4xx_HAL_Driver/Src/stm32f4xx_hal_uart.o
LOAD ./Drivers/STM32F4xx_HAL_Driver/Src/stm32f4xx_ll_adc.o
LOAD ./FATFS/App/fatfs.o
LOAD ./FATFS/Target/user_diskio.o
LOAD ./Middlewares/Third_Party/FatFs/src/diskio.o
LOAD ./Middlewares/Third_Party/FatFs/src/ff.o
LOAD ./Middlewares/Third_Party/FatFs/src/ff_gen_drv.o
LOAD ./Middlewares/Third_Party/FatFs/src/option/ccsbcs.o
LOAD ./Middlewares/Third_Party/FatFs/src/option/syscall.o
START GROUP
LOAD C:/ST/STM32CubeIDE_1.14.1/STM32CubeIDE/plugins/com.st.stm32cube.ide.mcu.externaltools.gnu-tools-for-stm32.13.3.rel1.win32_1.0.0.202411081344/tools/bin/../lib/gcc/arm-none-eabi/13.3.1/../../../../arm-none-eabi/lib/thumb/v7e-m+fp/hard\libc_nano.a
LOAD C:/ST/STM32CubeIDE_1.14.1/STM32CubeIDE/plugins/com.st.stm32cube.ide.mcu.externaltools.gnu-tools-for-stm32.13.3.rel1.win32_1.0.0.202411081344/tools/bin/../lib/gcc/arm-none-eabi/13.3.1/../../../../arm-none-eabi/lib/thumb/v7e-m+fp/hard\libm.a
END GROUP
START GROUP
LOAD C:/ST/STM32CubeIDE_1.14.1/STM32CubeIDE/plugins/com.st.stm32cube.ide.mcu.externaltools.gnu-tools-for-stm32.13.3.rel1.win32_1.0.0.202411081344/tools/bin/../lib/gcc/arm-none-eabi/13.3.1/thumb/v7e-m+fp/hard\libgcc.a
LOAD C:/ST/STM32CubeIDE_1.14.1/STM32CubeIDE/plugins/com.st.stm32cube.ide.mcu.externaltools.gnu-tools-for-stm32.13.3.rel1.win32_1.0.0.202411081344/tools/bin/../lib/gcc/arm-none-eabi/13.3.1/../../../../arm-none-eabi/lib/thumb/v7e-m+fp/hard\libc_nano.a
END GROUP
START GROUP
LOAD C:/ST/STM32CubeIDE_1.14.1/STM32CubeIDE/plugins/com.st.stm32cube.ide.mcu.externaltools.gnu-tools-for-stm32.13.3.rel1.win32_1.0.0.202411081344/tools/bin/../lib/gcc/arm-none-eabi/13.3.1/thumb/v7e-m+fp/hard\libgcc.a
LOAD C:/ST/STM32CubeIDE_1.14.1/STM32CubeIDE/plugins/com.st.stm32cube.ide.mcu.externaltools.gnu-tools-for-stm32.13.3.rel1.win32_1.0.0.202411081344/tools/bin/../lib/gcc/arm-none-eabi/13.3.1/../../../../arm-none-eabi/lib/thumb/v7e-m+fp/hard\libc_nano.a
LOAD C:/ST/STM32CubeIDE_1.14.1/STM32CubeIDE/plugins/com.st.stm32cube.ide.mcu.externaltools.gnu-tools-for-stm32.13.3.rel1.win32_1.0.0.202411081344/tools/bin/../lib/gcc/arm-none-eabi/13.3.1/../../../../arm-none-eabi/lib/thumb/v7e-m+fp/hard\libnosys.a
END GROUP
START GROUP
LOAD C:/ST/STM32CubeIDE_1.14.1/STM32CubeIDE/plugins/com.st.stm32cube.ide.mcu.externaltools.gnu-tools-for-stm32.13.3.rel1.win32_1.0.0.202411081344/tools/bin/../lib/gcc/arm-none-eabi/13.3.1/thumb/v7e-m+fp/hard\libgcc.a
LOAD C:/ST/STM32CubeIDE_1.14.1/STM32CubeIDE/plugins/com.st.stm32cube.ide.mcu.externaltools.gnu-tools-for-stm32.13.3.rel1.win32_1.0.0.202411081344/tools/bin/../lib/gcc/arm-none-eabi/13.3.1/../../../../arm-none-eabi/lib/thumb/v7e-m+fp/hard\libc_nano.a
LOAD C:/ST/STM32CubeIDE_1.14.1/STM32CubeIDE/plugins/com.st.stm32cube.ide.mcu.externaltools.gnu-tools-for-stm32.13.3.rel1.win32_1.0.0.202411081344/tools/bin/../lib/gcc/arm-none-eabi/13.3.1/../../../../arm-none-eabi/lib/thumb/v7e-m+fp/hard\libnosys.a
END GROUP
LOAD C:/ST/STM32CubeIDE_1.14.1/STM32CubeIDE/plugins/com.st.stm32cube.ide.mcu.externaltools.gnu-tools-for-stm32.13.3.rel1.win32_1.0.0.202411081344/tools/bin/../lib/gcc/arm-none-eabi/13.3.1/thumb/v7e-m+fp/hard/crtend.o
LOAD C:/ST/STM32CubeIDE_1.14.1/STM32CubeIDE/plugins/com.st.stm32cube.ide.mcu.externaltools.gnu-tools-for-stm32.13.3.rel1.win32_1.0.0.202411081344/tools/bin/../lib/gcc/arm-none-eabi/13.3.1/thumb/v7e-m+fp/hard/crtn.o
                0x20020000                        _estack = (ORIGIN (RAM) + LENGTH (RAM))
                0x00000200                        _Min_Heap_Size = 0x200
                0x00000400                        _Min_Stack_Size = 0x400

.isr_vector     0x08000000      0x188
                0x08000000                        . = ALIGN (0x4)
 *(.isr_vector)
 .isr_vector    0x08000000      0x188 ./Core/Startup/startup_stm32f407vgtx.o
                0x08000000                g_pfnVectors
                0x08000188                        . = ALIGN (0x4)

.text           0x08000190     0xbf90
                0x08000190                        . = ALIGN (0x4)
 *(.text)
 .text          0x08000190       0x40 C:/ST/STM32CubeIDE_1.14.1/STM32CubeIDE/plugins/com.st.stm32cube.ide.mcu.externaltools.gnu-tools-for-stm32.13.3.rel1.win32_1.0.0.202411081344/tools/bin/../lib/gcc/arm-none-eabi/13.3.1/thumb/v7e-m+fp/hard/crtbegin.o
 .text          0x080001d0       0xa0 C:/ST/STM32CubeIDE_1.14.1/STM32CubeIDE/plugins/com.st.stm32cube.ide.mcu.externaltools.gnu-tools-for-stm32.13.3.rel1.win32_1.0.0.202411081344/tools/bin/../lib/gcc/arm-none-eabi/13.3.1/../../../../arm-none-eabi/lib/thumb/v7e-m+fp/hard\libc_nano.a(libc_a-memchr.o)
                0x080001d0                memchr
 .text          0x08000270      0x254 C:/ST/STM32CubeIDE_1.14.1/STM32CubeIDE/plugins/com.st.stm32cube.ide.mcu.externaltools.gnu-tools-for-stm32.13.3.rel1.win32_1.0.0.202411081344/tools/bin/../lib/gcc/arm-none-eabi/13.3.1/thumb/v7e-m+fp/hard\libgcc.a(_arm_muldf3.o)
                0x08000270                __muldf3
                0x08000270                __aeabi_dmul
 .text          0x080004c4      0x378 C:/ST/STM32CubeIDE_1.14.1/STM32CubeIDE/plugins/com.st.stm32cube.ide.mcu.externaltools.gnu-tools-for-stm32.13.3.rel1.win32_1.0.0.202411081344/tools/bin/../lib/gcc/arm-none-eabi/13.3.1/thumb/v7e-m+fp/hard\libgcc.a(_arm_addsubdf3.o)
                0x080004c4                __aeabi_drsub
                0x080004cc                __aeabi_dsub
                0x080004cc                __subdf3
                0x080004d0                __aeabi_dadd
                0x080004d0                __adddf3
                0x08000748                __floatunsidf
                0x08000748                __aeabi_ui2d
                0x08000768                __floatsidf
                0x08000768                __aeabi_i2d
                0x0800078c                __aeabi_f2d
                0x0800078c                __extendsfdf2
                0x080007d0                __floatundidf
                0x080007d0                __aeabi_ul2d
                0x080007e0                __floatdidf
                0x080007e0                __aeabi_l2d
 .text          0x0800083c       0x50 C:/ST/STM32CubeIDE_1.14.1/STM32CubeIDE/plugins/com.st.stm32cube.ide.mcu.externaltools.gnu-tools-for-stm32.13.3.rel1.win32_1.0.0.202411081344/tools/bin/../lib/gcc/arm-none-eabi/13.3.1/thumb/v7e-m+fp/hard\libgcc.a(_arm_fixdfsi.o)
                0x0800083c                __aeabi_d2iz
                0x0800083c                __fixdfsi
 .text          0x0800088c       0x30 C:/ST/STM32CubeIDE_1.14.1/STM32CubeIDE/plugins/com.st.stm32cube.ide.mcu.externaltools.gnu-tools-for-stm32.13.3.rel1.win32_1.0.0.202411081344/tools/bin/../lib/gcc/arm-none-eabi/13.3.1/thumb/v7e-m+fp/hard\libgcc.a(_aeabi_uldivmod.o)
                0x0800088c                __aeabi_uldivmod
 .text          0x080008bc      0x2f8 C:/ST/STM32CubeIDE_1.14.1/STM32CubeIDE/plugins/com.st.stm32cube.ide.mcu.externaltools.gnu-tools-for-stm32.13.3.rel1.win32_1.0.0.202411081344/tools/bin/../lib/gcc/arm-none-eabi/13.3.1/thumb/v7e-m+fp/hard\libgcc.a(_udivmoddi4.o)
                0x080008bc                __udivmoddi4
 .text          0x08000bb4        0x4 C:/ST/STM32CubeIDE_1.14.1/STM32CubeIDE/plugins/com.st.stm32cube.ide.mcu.externaltools.gnu-tools-for-stm32.13.3.rel1.win32_1.0.0.202411081344/tools/bin/../lib/gcc/arm-none-eabi/13.3.1/thumb/v7e-m+fp/hard\libgcc.a(_dvmd_tls.o)
                0x08000bb4                __aeabi_idiv0
                0x08000bb4                __aeabi_ldiv0
 *(.text*)
 .text.SELECT   0x08000bb8       0x1c ./Core/Src/fatfs_sd.o
 .text.DESELECT
                0x08000bd4       0x1c ./Core/Src/fatfs_sd.o
 .text.SPI_TxByte
                0x08000bf0       0x34 ./Core/Src/fatfs_sd.o
 .text.SPI_TxBuffer
                0x08000c24       0x34 ./Core/Src/fatfs_sd.o
 .text.SPI_RxByte
                0x08000c58       0x38 ./Core/Src/fatfs_sd.o
 .text.SPI_RxBytePtr
                0x08000c90       0x1c ./Core/Src/fatfs_sd.o
 .text.SD_ReadyWait
                0x08000cac       0x34 ./Core/Src/fatfs_sd.o
 .text.SD_PowerOn
                0x08000ce0       0x84 ./Core/Src/fatfs_sd.o
 .text.SD_PowerOff
                0x08000d64       0x18 ./Core/Src/fatfs_sd.o
 .text.SD_CheckPower
                0x08000d7c       0x18 ./Core/Src/fatfs_sd.o
 .text.SD_RxDataBlock
                0x08000d94       0x60 ./Core/Src/fatfs_sd.o
 .text.SD_TxDataBlock
                0x08000df4       0x86 ./Core/Src/fatfs_sd.o
 .text.SD_SendCmd
                0x08000e7a       0xa8 ./Core/Src/fatfs_sd.o
 *fill*         0x08000f22        0x2 
 .text.SD_disk_initialize
                0x08000f24      0x1cc ./Core/Src/fatfs_sd.o
                0x08000f24                SD_disk_initialize
 .text.SD_disk_status
                0x080010f0       0x2c ./Core/Src/fatfs_sd.o
                0x080010f0                SD_disk_status
 .text.SD_disk_read
                0x0800111c       0xd4 ./Core/Src/fatfs_sd.o
                0x0800111c                SD_disk_read
 .text.SD_disk_write
                0x080011f0      0x108 ./Core/Src/fatfs_sd.o
                0x080011f0                SD_disk_write
 .text.SD_disk_ioctl
                0x080012f8      0x254 ./Core/Src/fatfs_sd.o
                0x080012f8                SD_disk_ioctl
 .text.HAL_ADC_ConvCpltCallback
                0x0800154c       0x34 ./Core/Src/main.o
                0x0800154c                HAL_ADC_ConvCpltCallback
 .text.Curr     0x08001580       0x6c ./Core/Src/main.o
                0x08001580                Curr
 .text.HAL_TIM_PeriodElapsedCallback
                0x080015ec      0x2d0 ./Core/Src/main.o
                0x080015ec                HAL_TIM_PeriodElapsedCallback
 .text.HAL_CAN_RxFifo0MsgPendingCallback
                0x080018bc      0x840 ./Core/Src/main.o
                0x080018bc                HAL_CAN_RxFifo0MsgPendingCallback
 .text.LORA_SendString
                0x080020fc       0x3c ./Core/Src/main.o
                0x080020fc                LORA_SendString
 .text.NEXTION_SendString
                0x08002138       0x4c ./Core/Src/main.o
                0x08002138                NEXTION_SendString
 .text.NEXTION_SendNum
                0x08002184       0x58 ./Core/Src/main.o
                0x08002184                NEXTION_SendNum
 .text.SendtoPB
                0x080021dc       0x50 ./Core/Src/main.o
                0x080021dc                SendtoPB
 .text.main     0x0800222c     0x11f4 ./Core/Src/main.o
                0x0800222c                main
 .text.SystemClock_Config
                0x08003420       0xd4 ./Core/Src/main.o
                0x08003420                SystemClock_Config
 .text.MX_ADC1_Init
                0x080034f4       0xa4 ./Core/Src/main.o
 .text.MX_CAN1_Init
                0x08003598       0x6c ./Core/Src/main.o
 .text.MX_SPI1_Init
                0x08003604       0x6c ./Core/Src/main.o
 .text.MX_TIM2_Init
                0x08003670       0x9c ./Core/Src/main.o
 .text.MX_UART4_Init
                0x0800370c       0x54 ./Core/Src/main.o
 .text.MX_UART5_Init
                0x08003760       0x54 ./Core/Src/main.o
 .text.MX_DMA_Init
                0x080037b4       0x40 ./Core/Src/main.o
 .text.MX_GPIO_Init
                0x080037f4      0x14c ./Core/Src/main.o
 .text.Error_Handler
                0x08003940        0xc ./Core/Src/main.o
                0x08003940                Error_Handler
 .text.HAL_MspInit
                0x0800394c       0x50 ./Core/Src/stm32f4xx_hal_msp.o
                0x0800394c                HAL_MspInit
 .text.HAL_ADC_MspInit
                0x0800399c       0xf0 ./Core/Src/stm32f4xx_hal_msp.o
                0x0800399c                HAL_ADC_MspInit
 .text.HAL_CAN_MspInit
                0x08003a8c       0xa0 ./Core/Src/stm32f4xx_hal_msp.o
                0x08003a8c                HAL_CAN_MspInit
 .text.HAL_SPI_MspInit
                0x08003b2c       0x90 ./Core/Src/stm32f4xx_hal_msp.o
                0x08003b2c                HAL_SPI_MspInit
 .text.HAL_TIM_Base_MspInit
                0x08003bbc       0x4c ./Core/Src/stm32f4xx_hal_msp.o
                0x08003bbc                HAL_TIM_Base_MspInit
 .text.HAL_UART_MspInit
                0x08003c08      0x13c ./Core/Src/stm32f4xx_hal_msp.o
                0x08003c08                HAL_UART_MspInit
 .text.NMI_Handler
                0x08003d44        0x8 ./Core/Src/stm32f4xx_it.o
                0x08003d44                NMI_Handler
 .text.HardFault_Handler
                0x08003d4c        0x8 ./Core/Src/stm32f4xx_it.o
                0x08003d4c                HardFault_Handler
 .text.MemManage_Handler
                0x08003d54        0x8 ./Core/Src/stm32f4xx_it.o
                0x08003d54                MemManage_Handler
 .text.BusFault_Handler
                0x08003d5c        0x8 ./Core/Src/stm32f4xx_it.o
                0x08003d5c                BusFault_Handler
 .text.UsageFault_Handler
                0x08003d64        0x8 ./Core/Src/stm32f4xx_it.o
                0x08003d64                UsageFault_Handler
 .text.SVC_Handler
                0x08003d6c        0xe ./Core/Src/stm32f4xx_it.o
                0x08003d6c                SVC_Handler
 .text.DebugMon_Handler
                0x08003d7a        0xe ./Core/Src/stm32f4xx_it.o
                0x08003d7a                DebugMon_Handler
 .text.PendSV_Handler
                0x08003d88        0xe ./Core/Src/stm32f4xx_it.o
                0x08003d88                PendSV_Handler
 *fill*         0x08003d96        0x2 
 .text.SysTick_Handler
                0x08003d98       0x3c ./Core/Src/stm32f4xx_it.o
                0x08003d98                SysTick_Handler
 .text.CAN1_RX0_IRQHandler
                0x08003dd4       0x14 ./Core/Src/stm32f4xx_it.o
                0x08003dd4                CAN1_RX0_IRQHandler
 .text.TIM2_IRQHandler
                0x08003de8       0x14 ./Core/Src/stm32f4xx_it.o
                0x08003de8                TIM2_IRQHandler
 .text.DMA2_Stream0_IRQHandler
                0x08003dfc       0x14 ./Core/Src/stm32f4xx_it.o
                0x08003dfc                DMA2_Stream0_IRQHandler
 .text._sbrk    0x08003e10       0x6c ./Core/Src/sysmem.o
                0x08003e10                _sbrk
 .text.SystemInit
                0x08003e7c       0x24 ./Core/Src/system_stm32f4xx.o
                0x08003e7c                SystemInit
 .text.Reset_Handler
                0x08003ea0       0x50 ./Core/Startup/startup_stm32f407vgtx.o
                0x08003ea0                Reset_Handler
 .text.Default_Handler
                0x08003ef0        0x2 ./Core/Startup/startup_stm32f407vgtx.o
                0x08003ef0                RTC_Alarm_IRQHandler
                0x08003ef0                HASH_RNG_IRQHandler
                0x08003ef0                EXTI2_IRQHandler
                0x08003ef0                TIM8_CC_IRQHandler
                0x08003ef0                TIM1_CC_IRQHandler
                0x08003ef0                DMA2_Stream5_IRQHandler
                0x08003ef0                DMA1_Stream5_IRQHandler
                0x08003ef0                PVD_IRQHandler
                0x08003ef0                SDIO_IRQHandler
                0x08003ef0                TAMP_STAMP_IRQHandler
                0x08003ef0                CAN2_RX1_IRQHandler
                0x08003ef0                EXTI3_IRQHandler
                0x08003ef0                TIM8_TRG_COM_TIM14_IRQHandler
                0x08003ef0                TIM1_UP_TIM10_IRQHandler
                0x08003ef0                TIM8_UP_TIM13_IRQHandler
                0x08003ef0                I2C3_ER_IRQHandler
                0x08003ef0                EXTI0_IRQHandler
                0x08003ef0                I2C2_EV_IRQHandler
                0x08003ef0                DMA1_Stream2_IRQHandler
                0x08003ef0                FPU_IRQHandler
                0x08003ef0                OTG_HS_WKUP_IRQHandler
                0x08003ef0                CAN2_SCE_IRQHandler
                0x08003ef0                DMA2_Stream2_IRQHandler
                0x08003ef0                SPI1_IRQHandler
                0x08003ef0                TIM6_DAC_IRQHandler
                0x08003ef0                TIM1_BRK_TIM9_IRQHandler
                0x08003ef0                DCMI_IRQHandler
                0x08003ef0                CAN2_RX0_IRQHandler
                0x08003ef0                DMA2_Stream3_IRQHandler
                0x08003ef0                USART6_IRQHandler
                0x08003ef0                USART3_IRQHandler
                0x08003ef0                CAN1_RX1_IRQHandler
                0x08003ef0                UART5_IRQHandler
                0x08003ef0                TIM4_IRQHandler
                0x08003ef0                I2C1_EV_IRQHandler
                0x08003ef0                DMA1_Stream6_IRQHandler
                0x08003ef0                DMA1_Stream1_IRQHandler
                0x08003ef0                UART4_IRQHandler
                0x08003ef0                TIM3_IRQHandler
                0x08003ef0                RCC_IRQHandler
                0x08003ef0                TIM8_BRK_TIM12_IRQHandler
                0x08003ef0                Default_Handler
                0x08003ef0                EXTI15_10_IRQHandler
                0x08003ef0                ADC_IRQHandler
                0x08003ef0                DMA1_Stream7_IRQHandler
                0x08003ef0                TIM7_IRQHandler
                0x08003ef0                CAN2_TX_IRQHandler
                0x08003ef0                TIM5_IRQHandler
                0x08003ef0                DMA2_Stream7_IRQHandler
                0x08003ef0                I2C3_EV_IRQHandler
                0x08003ef0                EXTI9_5_IRQHandler
                0x08003ef0                RTC_WKUP_IRQHandler
                0x08003ef0                ETH_WKUP_IRQHandler
                0x08003ef0                SPI2_IRQHandler
                0x08003ef0                OTG_HS_EP1_IN_IRQHandler
                0x08003ef0                DMA1_Stream0_IRQHandler
                0x08003ef0                CAN1_TX_IRQHandler
                0x08003ef0                EXTI4_IRQHandler
                0x08003ef0                FSMC_IRQHandler
                0x08003ef0                ETH_IRQHandler
                0x08003ef0                OTG_HS_EP1_OUT_IRQHandler
                0x08003ef0                WWDG_IRQHandler
                0x08003ef0                OTG_FS_WKUP_IRQHandler
                0x08003ef0                TIM1_TRG_COM_TIM11_IRQHandler
                0x08003ef0                OTG_HS_IRQHandler
                0x08003ef0                EXTI1_IRQHandler
                0x08003ef0                USART2_IRQHandler
                0x08003ef0                I2C2_ER_IRQHandler
                0x08003ef0                DMA2_Stream1_IRQHandler
                0x08003ef0                CAN1_SCE_IRQHandler
                0x08003ef0                FLASH_IRQHandler
                0x08003ef0                DMA2_Stream4_IRQHandler
                0x08003ef0                USART1_IRQHandler
                0x08003ef0                OTG_FS_IRQHandler
                0x08003ef0                SPI3_IRQHandler
                0x08003ef0                DMA1_Stream4_IRQHandler
                0x08003ef0                I2C1_ER_IRQHandler
                0x08003ef0                DMA2_Stream6_IRQHandler
                0x08003ef0                DMA1_Stream3_IRQHandler
 *fill*         0x08003ef2        0x2 
 .text.HAL_Init
                0x08003ef4       0x44 ./Drivers/STM32F4xx_HAL_Driver/Src/stm32f4xx_hal.o
                0x08003ef4                HAL_Init
 .text.HAL_InitTick
                0x08003f38       0x60 ./Drivers/STM32F4xx_HAL_Driver/Src/stm32f4xx_hal.o
                0x08003f38                HAL_InitTick
 .text.HAL_IncTick
                0x08003f98       0x28 ./Drivers/STM32F4xx_HAL_Driver/Src/stm32f4xx_hal.o
                0x08003f98                HAL_IncTick
 .text.HAL_GetTick
                0x08003fc0       0x18 ./Drivers/STM32F4xx_HAL_Driver/Src/stm32f4xx_hal.o
                0x08003fc0                HAL_GetTick
 .text.HAL_Delay
                0x08003fd8       0x48 ./Drivers/STM32F4xx_HAL_Driver/Src/stm32f4xx_hal.o
                0x08003fd8                HAL_Delay
 .text.HAL_ADC_Init
                0x08004020       0x86 ./Drivers/STM32F4xx_HAL_Driver/Src/stm32f4xx_hal_adc.o
                0x08004020                HAL_ADC_Init
 *fill*         0x080040a6        0x2 
 .text.HAL_ADC_Start_DMA
                0x080040a8      0x220 ./Drivers/STM32F4xx_HAL_Driver/Src/stm32f4xx_hal_adc.o
                0x080040a8                HAL_ADC_Start_DMA
 .text.HAL_ADC_ConvHalfCpltCallback
                0x080042c8       0x14 ./Drivers/STM32F4xx_HAL_Driver/Src/stm32f4xx_hal_adc.o
                0x080042c8                HAL_ADC_ConvHalfCpltCallback
 .text.HAL_ADC_ErrorCallback
                0x080042dc       0x14 ./Drivers/STM32F4xx_HAL_Driver/Src/stm32f4xx_hal_adc.o
                0x080042dc                HAL_ADC_ErrorCallback
 .text.HAL_ADC_ConfigChannel
                0x080042f0      0x244 ./Drivers/STM32F4xx_HAL_Driver/Src/stm32f4xx_hal_adc.o
                0x080042f0                HAL_ADC_ConfigChannel
 .text.ADC_Init
                0x08004534      0x1f8 ./Drivers/STM32F4xx_HAL_Driver/Src/stm32f4xx_hal_adc.o
 .text.ADC_DMAConvCplt
                0x0800472c       0xba ./Drivers/STM32F4xx_HAL_Driver/Src/stm32f4xx_hal_adc.o
 .text.ADC_DMAHalfConvCplt
                0x080047e6       0x1c ./Drivers/STM32F4xx_HAL_Driver/Src/stm32f4xx_hal_adc.o
 .text.ADC_DMAError
                0x08004802       0x2e ./Drivers/STM32F4xx_HAL_Driver/Src/stm32f4xx_hal_adc.o
 .text.HAL_CAN_Init
                0x08004830      0x1f6 ./Drivers/STM32F4xx_HAL_Driver/Src/stm32f4xx_hal_can.o
                0x08004830                HAL_CAN_Init
 *fill*         0x08004a26        0x2 
 .text.HAL_CAN_ConfigFilter
                0x08004a28      0x1c0 ./Drivers/STM32F4xx_HAL_Driver/Src/stm32f4xx_hal_can.o
                0x08004a28                HAL_CAN_ConfigFilter
 .text.HAL_CAN_Start
                0x08004be8       0x88 ./Drivers/STM32F4xx_HAL_Driver/Src/stm32f4xx_hal_can.o
                0x08004be8                HAL_CAN_Start
 .text.HAL_CAN_GetRxMessage
                0x08004c70      0x244 ./Drivers/STM32F4xx_HAL_Driver/Src/stm32f4xx_hal_can.o
                0x08004c70                HAL_CAN_GetRxMessage
 .text.HAL_CAN_ActivateNotification
                0x08004eb4       0x4c ./Drivers/STM32F4xx_HAL_Driver/Src/stm32f4xx_hal_can.o
                0x08004eb4                HAL_CAN_ActivateNotification
 .text.HAL_CAN_IRQHandler
                0x08004f00      0x36e ./Drivers/STM32F4xx_HAL_Driver/Src/stm32f4xx_hal_can.o
                0x08004f00                HAL_CAN_IRQHandler
 .text.HAL_CAN_TxMailbox0CompleteCallback
                0x0800526e       0x14 ./Drivers/STM32F4xx_HAL_Driver/Src/stm32f4xx_hal_can.o
                0x0800526e                HAL_CAN_TxMailbox0CompleteCallback
 .text.HAL_CAN_TxMailbox1CompleteCallback
                0x08005282       0x14 ./Drivers/STM32F4xx_HAL_Driver/Src/stm32f4xx_hal_can.o
                0x08005282                HAL_CAN_TxMailbox1CompleteCallback
 .text.HAL_CAN_TxMailbox2CompleteCallback
                0x08005296       0x14 ./Drivers/STM32F4xx_HAL_Driver/Src/stm32f4xx_hal_can.o
                0x08005296                HAL_CAN_TxMailbox2CompleteCallback
 .text.HAL_CAN_TxMailbox0AbortCallback
                0x080052aa       0x14 ./Drivers/STM32F4xx_HAL_Driver/Src/stm32f4xx_hal_can.o
                0x080052aa                HAL_CAN_TxMailbox0AbortCallback
 .text.HAL_CAN_TxMailbox1AbortCallback
                0x080052be       0x14 ./Drivers/STM32F4xx_HAL_Driver/Src/stm32f4xx_hal_can.o
                0x080052be                HAL_CAN_TxMailbox1AbortCallback
 .text.HAL_CAN_TxMailbox2AbortCallback
                0x080052d2       0x14 ./Drivers/STM32F4xx_HAL_Driver/Src/stm32f4xx_hal_can.o
                0x080052d2                HAL_CAN_TxMailbox2AbortCallback
 .text.HAL_CAN_RxFifo0FullCallback
                0x080052e6       0x14 ./Drivers/STM32F4xx_HAL_Driver/Src/stm32f4xx_hal_can.o
                0x080052e6                HAL_CAN_RxFifo0FullCallback
 .text.HAL_CAN_RxFifo1MsgPendingCallback
                0x080052fa       0x14 ./Drivers/STM32F4xx_HAL_Driver/Src/stm32f4xx_hal_can.o
                0x080052fa                HAL_CAN_RxFifo1MsgPendingCallback
 .text.HAL_CAN_RxFifo1FullCallback
                0x0800530e       0x14 ./Drivers/STM32F4xx_HAL_Driver/Src/stm32f4xx_hal_can.o
                0x0800530e                HAL_CAN_RxFifo1FullCallback
 .text.HAL_CAN_SleepCallback
                0x08005322       0x14 ./Drivers/STM32F4xx_HAL_Driver/Src/stm32f4xx_hal_can.o
                0x08005322                HAL_CAN_SleepCallback
 .text.HAL_CAN_WakeUpFromRxMsgCallback
                0x08005336       0x14 ./Drivers/STM32F4xx_HAL_Driver/Src/stm32f4xx_hal_can.o
                0x08005336                HAL_CAN_WakeUpFromRxMsgCallback
 .text.HAL_CAN_ErrorCallback
                0x0800534a       0x14 ./Drivers/STM32F4xx_HAL_Driver/Src/stm32f4xx_hal_can.o
                0x0800534a                HAL_CAN_ErrorCallback
 *fill*         0x0800535e        0x2 
 .text.__NVIC_SetPriorityGrouping
                0x08005360       0x48 ./Drivers/STM32F4xx_HAL_Driver/Src/stm32f4xx_hal_cortex.o
 .text.__NVIC_GetPriorityGrouping
                0x080053a8       0x1c ./Drivers/STM32F4xx_HAL_Driver/Src/stm32f4xx_hal_cortex.o
 .text.__NVIC_EnableIRQ
                0x080053c4       0x3c ./Drivers/STM32F4xx_HAL_Driver/Src/stm32f4xx_hal_cortex.o
 .text.__NVIC_SetPriority
                0x08005400       0x54 ./Drivers/STM32F4xx_HAL_Driver/Src/stm32f4xx_hal_cortex.o
 .text.NVIC_EncodePriority
                0x08005454       0x66 ./Drivers/STM32F4xx_HAL_Driver/Src/stm32f4xx_hal_cortex.o
 *fill*         0x080054ba        0x2 
 .text.SysTick_Config
                0x080054bc       0x44 ./Drivers/STM32F4xx_HAL_Driver/Src/stm32f4xx_hal_cortex.o
 .text.HAL_NVIC_SetPriorityGrouping
                0x08005500       0x16 ./Drivers/STM32F4xx_HAL_Driver/Src/stm32f4xx_hal_cortex.o
                0x08005500                HAL_NVIC_SetPriorityGrouping
 .text.HAL_NVIC_SetPriority
                0x08005516       0x38 ./Drivers/STM32F4xx_HAL_Driver/Src/stm32f4xx_hal_cortex.o
                0x08005516                HAL_NVIC_SetPriority
 .text.HAL_NVIC_EnableIRQ
                0x0800554e       0x1c ./Drivers/STM32F4xx_HAL_Driver/Src/stm32f4xx_hal_cortex.o
                0x0800554e                HAL_NVIC_EnableIRQ
 .text.HAL_SYSTICK_Config
                0x0800556a       0x18 ./Drivers/STM32F4xx_HAL_Driver/Src/stm32f4xx_hal_cortex.o
                0x0800556a                HAL_SYSTICK_Config
 *fill*         0x08005582        0x2 
 .text.HAL_DMA_Init
                0x08005584      0x15c ./Drivers/STM32F4xx_HAL_Driver/Src/stm32f4xx_hal_dma.o
                0x08005584                HAL_DMA_Init
 .text.HAL_DMA_Start_IT
                0x080056e0       0xb0 ./Drivers/STM32F4xx_HAL_Driver/Src/stm32f4xx_hal_dma.o
                0x080056e0                HAL_DMA_Start_IT
 .text.HAL_DMA_IRQHandler
                0x08005790      0x314 ./Drivers/STM32F4xx_HAL_Driver/Src/stm32f4xx_hal_dma.o
                0x08005790                HAL_DMA_IRQHandler
 .text.DMA_SetConfig
                0x08005aa4       0x5c ./Drivers/STM32F4xx_HAL_Driver/Src/stm32f4xx_hal_dma.o
 .text.DMA_CalcBaseAndBitshift
                0x08005b00       0x6c ./Drivers/STM32F4xx_HAL_Driver/Src/stm32f4xx_hal_dma.o
 .text.DMA_CheckFifoParam
                0x08005b6c       0xf8 ./Drivers/STM32F4xx_HAL_Driver/Src/stm32f4xx_hal_dma.o
 .text.HAL_GPIO_Init
                0x08005c64      0x338 ./Drivers/STM32F4xx_HAL_Driver/Src/stm32f4xx_hal_gpio.o
                0x08005c64                HAL_GPIO_Init
 .text.HAL_GPIO_WritePin
                0x08005f9c       0x32 ./Drivers/STM32F4xx_HAL_Driver/Src/stm32f4xx_hal_gpio.o
                0x08005f9c                HAL_GPIO_WritePin
 *fill*         0x08005fce        0x2 
 .text.HAL_RCC_OscConfig
                0x08005fd0      0x4f0 ./Drivers/STM32F4xx_HAL_Driver/Src/stm32f4xx_hal_rcc.o
                0x08005fd0                HAL_RCC_OscConfig
 .text.HAL_RCC_ClockConfig
                0x080064c0      0x1cc ./Drivers/STM32F4xx_HAL_Driver/Src/stm32f4xx_hal_rcc.o
                0x080064c0                HAL_RCC_ClockConfig
 .text.HAL_RCC_GetSysClockFreq
                0x0800668c      0x20c ./Drivers/STM32F4xx_HAL_Driver/Src/stm32f4xx_hal_rcc.o
                0x0800668c                HAL_RCC_GetSysClockFreq
 .text.HAL_RCC_GetHCLKFreq
                0x08006898       0x18 ./Drivers/STM32F4xx_HAL_Driver/Src/stm32f4xx_hal_rcc.o
                0x08006898                HAL_RCC_GetHCLKFreq
 .text.HAL_RCC_GetPCLK1Freq
                0x080068b0       0x28 ./Drivers/STM32F4xx_HAL_Driver/Src/stm32f4xx_hal_rcc.o
                0x080068b0                HAL_RCC_GetPCLK1Freq
 .text.HAL_RCC_GetPCLK2Freq
                0x080068d8       0x28 ./Drivers/STM32F4xx_HAL_Driver/Src/stm32f4xx_hal_rcc.o
                0x080068d8                HAL_RCC_GetPCLK2Freq
 .text.HAL_SPI_Init
                0x08006900      0x112 ./Drivers/STM32F4xx_HAL_Driver/Src/stm32f4xx_hal_spi.o
                0x08006900                HAL_SPI_Init
 .text.HAL_SPI_Transmit
                0x08006a12      0x286 ./Drivers/STM32F4xx_HAL_Driver/Src/stm32f4xx_hal_spi.o
                0x08006a12                HAL_SPI_Transmit
 .text.HAL_SPI_TransmitReceive
                0x08006c98      0x360 ./Drivers/STM32F4xx_HAL_Driver/Src/stm32f4xx_hal_spi.o
                0x08006c98                HAL_SPI_TransmitReceive
 .text.SPI_WaitFlagStateUntilTimeout
                0x08006ff8      0x110 ./Drivers/STM32F4xx_HAL_Driver/Src/stm32f4xx_hal_spi.o
 .text.SPI_EndRxTxTransaction
                0x08007108       0xa8 ./Drivers/STM32F4xx_HAL_Driver/Src/stm32f4xx_hal_spi.o
 .text.HAL_TIM_Base_Init
                0x080071b0       0x9e ./Drivers/STM32F4xx_HAL_Driver/Src/stm32f4xx_hal_tim.o
                0x080071b0                HAL_TIM_Base_Init
 *fill*         0x0800724e        0x2 
 .text.HAL_TIM_Base_Start_IT
                0x08007250       0xe0 ./Drivers/STM32F4xx_HAL_Driver/Src/stm32f4xx_hal_tim.o
                0x08007250                HAL_TIM_Base_Start_IT
 .text.HAL_TIM_IRQHandler
                0x08007330      0x1e0 ./Drivers/STM32F4xx_HAL_Driver/Src/stm32f4xx_hal_tim.o
                0x08007330                HAL_TIM_IRQHandler
 .text.HAL_TIM_ConfigClockSource
                0x08007510      0x18e ./Drivers/STM32F4xx_HAL_Driver/Src/stm32f4xx_hal_tim.o
                0x08007510                HAL_TIM_ConfigClockSource
 .text.HAL_TIM_OC_DelayElapsedCallback
                0x0800769e       0x14 ./Drivers/STM32F4xx_HAL_Driver/Src/stm32f4xx_hal_tim.o
                0x0800769e                HAL_TIM_OC_DelayElapsedCallback
 .text.HAL_TIM_IC_CaptureCallback
                0x080076b2       0x14 ./Drivers/STM32F4xx_HAL_Driver/Src/stm32f4xx_hal_tim.o
                0x080076b2                HAL_TIM_IC_CaptureCallback
 .text.HAL_TIM_PWM_PulseFinishedCallback
                0x080076c6       0x14 ./Drivers/STM32F4xx_HAL_Driver/Src/stm32f4xx_hal_tim.o
                0x080076c6                HAL_TIM_PWM_PulseFinishedCallback
 .text.HAL_TIM_TriggerCallback
                0x080076da       0x14 ./Drivers/STM32F4xx_HAL_Driver/Src/stm32f4xx_hal_tim.o
                0x080076da                HAL_TIM_TriggerCallback
 *fill*         0x080076ee        0x2 
 .text.TIM_Base_SetConfig
                0x080076f0      0x158 ./Drivers/STM32F4xx_HAL_Driver/Src/stm32f4xx_hal_tim.o
                0x080076f0                TIM_Base_SetConfig
 .text.TIM_TI1_ConfigInputStage
                0x08007848       0x5e ./Drivers/STM32F4xx_HAL_Driver/Src/stm32f4xx_hal_tim.o
 .text.TIM_TI2_ConfigInputStage
                0x080078a6       0x60 ./Drivers/STM32F4xx_HAL_Driver/Src/stm32f4xx_hal_tim.o
 .text.TIM_ITRx_SetConfig
                0x08007906       0x36 ./Drivers/STM32F4xx_HAL_Driver/Src/stm32f4xx_hal_tim.o
 .text.TIM_ETR_SetConfig
                0x0800793c       0x40 ./Drivers/STM32F4xx_HAL_Driver/Src/stm32f4xx_hal_tim.o
                0x0800793c                TIM_ETR_SetConfig
 .text.HAL_TIMEx_MasterConfigSynchronization
                0x0800797c       0xf8 ./Drivers/STM32F4xx_HAL_Driver/Src/stm32f4xx_hal_tim_ex.o
                0x0800797c                HAL_TIMEx_MasterConfigSynchronization
 .text.HAL_TIMEx_CommutCallback
                0x08007a74       0x14 ./Drivers/STM32F4xx_HAL_Driver/Src/stm32f4xx_hal_tim_ex.o
                0x08007a74                HAL_TIMEx_CommutCallback
 .text.HAL_TIMEx_BreakCallback
                0x08007a88       0x14 ./Drivers/STM32F4xx_HAL_Driver/Src/stm32f4xx_hal_tim_ex.o
                0x08007a88                HAL_TIMEx_BreakCallback
 .text.HAL_UART_Init
                0x08007a9c       0xa0 ./Drivers/STM32F4xx_HAL_Driver/Src/stm32f4xx_hal_uart.o
                0x08007a9c                HAL_UART_Init
 .text.HAL_UART_Transmit
                0x08007b3c      0x116 ./Drivers/STM32F4xx_HAL_Driver/Src/stm32f4xx_hal_uart.o
                0x08007b3c                HAL_UART_Transmit
 .text.UART_WaitOnFlagUntilTimeout
                0x08007c52       0xb2 ./Drivers/STM32F4xx_HAL_Driver/Src/stm32f4xx_hal_uart.o
 .text.UART_EndRxTransfer
                0x08007d04       0xc6 ./Drivers/STM32F4xx_HAL_Driver/Src/stm32f4xx_hal_uart.o
 *fill*         0x08007dca        0x2 
 .text.UART_SetConfig
                0x08007dcc      0x4e8 ./Drivers/STM32F4xx_HAL_Driver/Src/stm32f4xx_hal_uart.o
 .text.MX_FATFS_Init
                0x080082b4       0x24 ./FATFS/App/fatfs.o
                0x080082b4                MX_FATFS_Init
 .text.get_fattime
                0x080082d8       0x10 ./FATFS/App/fatfs.o
                0x080082d8                get_fattime
 .text.USER_initialize
                0x080082e8       0x1e ./FATFS/Target/user_diskio.o
                0x080082e8                USER_initialize
 .text.USER_status
                0x08008306       0x1e ./FATFS/Target/user_diskio.o
                0x08008306                USER_status
 .text.USER_read
                0x08008324       0x28 ./FATFS/Target/user_diskio.o
                0x08008324                USER_read
 .text.USER_write
                0x0800834c       0x28 ./FATFS/Target/user_diskio.o
                0x0800834c                USER_write
 .text.USER_ioctl
                0x08008374       0x28 ./FATFS/Target/user_diskio.o
                0x08008374                USER_ioctl
 .text.disk_status
                0x0800839c       0x34 ./Middlewares/Third_Party/FatFs/src/diskio.o
                0x0800839c                disk_status
 .text.disk_initialize
                0x080083d0       0x50 ./Middlewares/Third_Party/FatFs/src/diskio.o
                0x080083d0                disk_initialize
 .text.disk_read
                0x08008420       0x40 ./Middlewares/Third_Party/FatFs/src/diskio.o
                0x08008420                disk_read
 .text.disk_write
                0x08008460       0x40 ./Middlewares/Third_Party/FatFs/src/diskio.o
                0x08008460                disk_write
 .text.disk_ioctl
                0x080084a0       0x3c ./Middlewares/Third_Party/FatFs/src/diskio.o
                0x080084a0                disk_ioctl
 .text.ld_word  0x080084dc       0x32 ./Middlewares/Third_Party/FatFs/src/ff.o
 .text.ld_dword
                0x0800850e       0x46 ./Middlewares/Third_Party/FatFs/src/ff.o
 .text.st_word  0x08008554       0x36 ./Middlewares/Third_Party/FatFs/src/ff.o
 .text.st_dword
                0x0800858a       0x58 ./Middlewares/Third_Party/FatFs/src/ff.o
 .text.mem_cpy  0x080085e2       0x42 ./Middlewares/Third_Party/FatFs/src/ff.o
 .text.mem_set  0x08008624       0x36 ./Middlewares/Third_Party/FatFs/src/ff.o
 .text.mem_cmp  0x0800865a       0x4e ./Middlewares/Third_Party/FatFs/src/ff.o
 .text.chk_chr  0x080086a8       0x36 ./Middlewares/Third_Party/FatFs/src/ff.o
 *fill*         0x080086de        0x2 
 .text.chk_lock
                0x080086e0       0xb8 ./Middlewares/Third_Party/FatFs/src/ff.o
 .text.enq_lock
                0x08008798       0x44 ./Middlewares/Third_Party/FatFs/src/ff.o
 .text.inc_lock
                0x080087dc      0x11c ./Middlewares/Third_Party/FatFs/src/ff.o
 .text.dec_lock
                0x080088f8       0x78 ./Middlewares/Third_Party/FatFs/src/ff.o
 .text.clear_lock
                0x08008970       0x48 ./Middlewares/Third_Party/FatFs/src/ff.o
 .text.sync_window
                0x080089b8       0x88 ./Middlewares/Third_Party/FatFs/src/ff.o
 .text.move_window
                0x08008a40       0x5a ./Middlewares/Third_Party/FatFs/src/ff.o
 *fill*         0x08008a9a        0x2 
 .text.sync_fs  0x08008a9c       0xe0 ./Middlewares/Third_Party/FatFs/src/ff.o
 .text.clust2sect
                0x08008b7c       0x3e ./Middlewares/Third_Party/FatFs/src/ff.o
 .text.get_fat  0x08008bba      0x1a6 ./Middlewares/Third_Party/FatFs/src/ff.o
 .text.put_fat  0x08008d60      0x234 ./Middlewares/Third_Party/FatFs/src/ff.o
 .text.remove_chain
                0x08008f94       0xca ./Middlewares/Third_Party/FatFs/src/ff.o
 .text.create_chain
                0x0800905e      0x130 ./Middlewares/Third_Party/FatFs/src/ff.o
 .text.clmt_clust
                0x0800918e       0x70 ./Middlewares/Third_Party/FatFs/src/ff.o
 .text.dir_sdi  0x080091fe      0x112 ./Middlewares/Third_Party/FatFs/src/ff.o
 .text.dir_next
                0x08009310      0x1ac ./Middlewares/Third_Party/FatFs/src/ff.o
 .text.dir_alloc
                0x080094bc       0x8e ./Middlewares/Third_Party/FatFs/src/ff.o
 .text.ld_clust
                0x0800954a       0x3e ./Middlewares/Third_Party/FatFs/src/ff.o
 .text.st_clust
                0x08009588       0x40 ./Middlewares/Third_Party/FatFs/src/ff.o
 .text.cmp_lfn  0x080095c8       0xe0 ./Middlewares/Third_Party/FatFs/src/ff.o
 .text.put_lfn  0x080096a8       0xd0 ./Middlewares/Third_Party/FatFs/src/ff.o
 .text.gen_numname
                0x08009778      0x11c ./Middlewares/Third_Party/FatFs/src/ff.o
 .text.sum_sfn  0x08009894       0x42 ./Middlewares/Third_Party/FatFs/src/ff.o
 .text.dir_find
                0x080098d6      0x180 ./Middlewares/Third_Party/FatFs/src/ff.o
 *fill*         0x08009a56        0x2 
 .text.dir_register
                0x08009a58      0x1f0 ./Middlewares/Third_Party/FatFs/src/ff.o
 .text.create_name
                0x08009c48      0x370 ./Middlewares/Third_Party/FatFs/src/ff.o
 .text.follow_path
                0x08009fb8       0xec ./Middlewares/Third_Party/FatFs/src/ff.o
 .text.get_ldnumber
                0x0800a0a4       0x88 ./Middlewares/Third_Party/FatFs/src/ff.o
 .text.check_fs
                0x0800a12c       0xac ./Middlewares/Third_Party/FatFs/src/ff.o
 .text.find_volume
                0x0800a1d8      0x50c ./Middlewares/Third_Party/FatFs/src/ff.o
 .text.validate
                0x0800a6e4       0x6a ./Middlewares/Third_Party/FatFs/src/ff.o
 *fill*         0x0800a74e        0x2 
 .text.f_mount  0x0800a750       0x8c ./Middlewares/Third_Party/FatFs/src/ff.o
                0x0800a750                f_mount
 .text.f_open   0x0800a7dc      0x390 ./Middlewares/Third_Party/FatFs/src/ff.o
                0x0800a7dc                f_open
 .text.f_write  0x0800ab6c      0x328 ./Middlewares/Third_Party/FatFs/src/ff.o
                0x0800ab6c                f_write
 .text.f_sync   0x0800ae94       0xfc ./Middlewares/Third_Party/FatFs/src/ff.o
                0x0800ae94                f_sync
 .text.f_close  0x0800af90       0x54 ./Middlewares/Third_Party/FatFs/src/ff.o
                0x0800af90                f_close
 .text.f_lseek  0x0800afe4      0x448 ./Middlewares/Third_Party/FatFs/src/ff.o
                0x0800afe4                f_lseek
 .text.putc_bfd
                0x0800b42c       0x7a ./Middlewares/Third_Party/FatFs/src/ff.o
 .text.putc_flush
                0x0800b4a6       0x4a ./Middlewares/Third_Party/FatFs/src/ff.o
 .text.putc_init
                0x0800b4f0       0x2a ./Middlewares/Third_Party/FatFs/src/ff.o
 .text.f_puts   0x0800b51a       0x48 ./Middlewares/Third_Party/FatFs/src/ff.o
                0x0800b51a                f_puts
 *fill*         0x0800b562        0x2 
 .text.FATFS_LinkDriverEx
                0x0800b564       0x98 ./Middlewares/Third_Party/FatFs/src/ff_gen_drv.o
                0x0800b564                FATFS_LinkDriverEx
 .text.FATFS_LinkDriver
                0x0800b5fc       0x1e ./Middlewares/Third_Party/FatFs/src/ff_gen_drv.o
                0x0800b5fc                FATFS_LinkDriver
 *fill*         0x0800b61a        0x2 
 .text.ff_convert
                0x0800b61c       0x78 ./Middlewares/Third_Party/FatFs/src/option/ccsbcs.o
                0x0800b61c                ff_convert
 .text.ff_wtoupper
                0x0800b694      0x114 ./Middlewares/Third_Party/FatFs/src/option/ccsbcs.o
                0x0800b694                ff_wtoupper
 .text.malloc   0x0800b7a8       0x10 C:/ST/STM32CubeIDE_1.14.1/STM32CubeIDE/plugins/com.st.stm32cube.ide.mcu.externaltools.gnu-tools-for-stm32.13.3.rel1.win32_1.0.0.202411081344/tools/bin/../lib/gcc/arm-none-eabi/13.3.1/../../../../arm-none-eabi/lib/thumb/v7e-m+fp/hard\libc_nano.a(libc_a-malloc.o)
                0x0800b7a8                malloc
 .text.free     0x0800b7b8       0x10 C:/ST/STM32CubeIDE_1.14.1/STM32CubeIDE/plugins/com.st.stm32cube.ide.mcu.externaltools.gnu-tools-for-stm32.13.3.rel1.win32_1.0.0.202411081344/tools/bin/../lib/gcc/arm-none-eabi/13.3.1/../../../../arm-none-eabi/lib/thumb/v7e-m+fp/hard\libc_nano.a(libc_a-malloc.o)
                0x0800b7b8                free
 .text.sbrk_aligned
                0x0800b7c8       0x44 C:/ST/STM32CubeIDE_1.14.1/STM32CubeIDE/plugins/com.st.stm32cube.ide.mcu.externaltools.gnu-tools-for-stm32.13.3.rel1.win32_1.0.0.202411081344/tools/bin/../lib/gcc/arm-none-eabi/13.3.1/../../../../arm-none-eabi/lib/thumb/v7e-m+fp/hard\libc_nano.a(libc_a-mallocr.o)
 .text._malloc_r
                0x0800b80c      0x100 C:/ST/STM32CubeIDE_1.14.1/STM32CubeIDE/plugins/com.st.stm32cube.ide.mcu.externaltools.gnu-tools-for-stm32.13.3.rel1.win32_1.0.0.202411081344/tools/bin/../lib/gcc/arm-none-eabi/13.3.1/../../../../arm-none-eabi/lib/thumb/v7e-m+fp/hard\libc_nano.a(libc_a-mallocr.o)
                0x0800b80c                _malloc_r
 .text.__malloc_lock
                0x0800b90c        0xc C:/ST/STM32CubeIDE_1.14.1/STM32CubeIDE/plugins/com.st.stm32cube.ide.mcu.externaltools.gnu-tools-for-stm32.13.3.rel1.win32_1.0.0.202411081344/tools/bin/../lib/gcc/arm-none-eabi/13.3.1/../../../../arm-none-eabi/lib/thumb/v7e-m+fp/hard\libc_nano.a(libc_a-mlock.o)
                0x0800b90c                __malloc_lock
 .text.__malloc_unlock
                0x0800b918        0xc C:/ST/STM32CubeIDE_1.14.1/STM32CubeIDE/plugins/com.st.stm32cube.ide.mcu.externaltools.gnu-tools-for-stm32.13.3.rel1.win32_1.0.0.202411081344/tools/bin/../lib/gcc/arm-none-eabi/13.3.1/../../../../arm-none-eabi/lib/thumb/v7e-m+fp/hard\libc_nano.a(libc_a-mlock.o)
                0x0800b918                __malloc_unlock
 .text.sprintf  0x0800b924       0x44 C:/ST/STM32CubeIDE_1.14.1/STM32CubeIDE/plugins/com.st.stm32cube.ide.mcu.externaltools.gnu-tools-for-stm32.13.3.rel1.win32_1.0.0.202411081344/tools/bin/../lib/gcc/arm-none-eabi/13.3.1/../../../../arm-none-eabi/lib/thumb/v7e-m+fp/hard\libc_nano.a(libc_a-sprintf.o)
                0x0800b924                siprintf
                0x0800b924                sprintf
 .text.memset   0x0800b968       0x10 C:/ST/STM32CubeIDE_1.14.1/STM32CubeIDE/plugins/com.st.stm32cube.ide.mcu.externaltools.gnu-tools-for-stm32.13.3.rel1.win32_1.0.0.202411081344/tools/bin/../lib/gcc/arm-none-eabi/13.3.1/../../../../arm-none-eabi/lib/thumb/v7e-m+fp/hard\libc_nano.a(libc_a-memset.o)
                0x0800b968                memset
 .text._sbrk_r  0x0800b978       0x20 C:/ST/STM32CubeIDE_1.14.1/STM32CubeIDE/plugins/com.st.stm32cube.ide.mcu.externaltools.gnu-tools-for-stm32.13.3.rel1.win32_1.0.0.202411081344/tools/bin/../lib/gcc/arm-none-eabi/13.3.1/../../../../arm-none-eabi/lib/thumb/v7e-m+fp/hard\libc_nano.a(libc_a-sbrkr.o)
                0x0800b978                _sbrk_r
 .text.__errno  0x0800b998        0xc C:/ST/STM32CubeIDE_1.14.1/STM32CubeIDE/plugins/com.st.stm32cube.ide.mcu.externaltools.gnu-tools-for-stm32.13.3.rel1.win32_1.0.0.202411081344/tools/bin/../lib/gcc/arm-none-eabi/13.3.1/../../../../arm-none-eabi/lib/thumb/v7e-m+fp/hard\libc_nano.a(libc_a-errno.o)
                0x0800b998                __errno
 .text.__libc_init_array
                0x0800b9a4       0x48 C:/ST/STM32CubeIDE_1.14.1/STM32CubeIDE/plugins/com.st.stm32cube.ide.mcu.externaltools.gnu-tools-for-stm32.13.3.rel1.win32_1.0.0.202411081344/tools/bin/../lib/gcc/arm-none-eabi/13.3.1/../../../../arm-none-eabi/lib/thumb/v7e-m+fp/hard\libc_nano.a(libc_a-init.o)
                0x0800b9a4                __libc_init_array
 .text.__retarget_lock_acquire_recursive
                0x0800b9ec        0x2 C:/ST/STM32CubeIDE_1.14.1/STM32CubeIDE/plugins/com.st.stm32cube.ide.mcu.externaltools.gnu-tools-for-stm32.13.3.rel1.win32_1.0.0.202411081344/tools/bin/../lib/gcc/arm-none-eabi/13.3.1/../../../../arm-none-eabi/lib/thumb/v7e-m+fp/hard\libc_nano.a(libc_a-lock.o)
                0x0800b9ec                __retarget_lock_acquire_recursive
 .text.__retarget_lock_release_recursive
                0x0800b9ee        0x2 C:/ST/STM32CubeIDE_1.14.1/STM32CubeIDE/plugins/com.st.stm32cube.ide.mcu.externaltools.gnu-tools-for-stm32.13.3.rel1.win32_1.0.0.202411081344/tools/bin/../lib/gcc/arm-none-eabi/13.3.1/../../../../arm-none-eabi/lib/thumb/v7e-m+fp/hard\libc_nano.a(libc_a-lock.o)
                0x0800b9ee                __retarget_lock_release_recursive
 .text._free_r  0x0800b9f0       0x94 C:/ST/STM32CubeIDE_1.14.1/STM32CubeIDE/plugins/com.st.stm32cube.ide.mcu.externaltools.gnu-tools-for-stm32.13.3.rel1.win32_1.0.0.202411081344/tools/bin/../lib/gcc/arm-none-eabi/13.3.1/../../../../arm-none-eabi/lib/thumb/v7e-m+fp/hard\libc_nano.a(libc_a-freer.o)
                0x0800b9f0                _free_r
 .text.__ssputs_r
                0x0800ba84       0xb6 C:/ST/STM32CubeIDE_1.14.1/STM32CubeIDE/plugins/com.st.stm32cube.ide.mcu.externaltools.gnu-tools-for-stm32.13.3.rel1.win32_1.0.0.202411081344/tools/bin/../lib/gcc/arm-none-eabi/13.3.1/../../../../arm-none-eabi/lib/thumb/v7e-m+fp/hard\libc_nano.a(libc_a-nano-svfprintf.o)
                0x0800ba84                __ssputs_r
 *fill*         0x0800bb3a        0x2 
 .text._svfprintf_r
                0x0800bb3c      0x1f8 C:/ST/STM32CubeIDE_1.14.1/STM32CubeIDE/plugins/com.st.stm32cube.ide.mcu.externaltools.gnu-tools-for-stm32.13.3.rel1.win32_1.0.0.202411081344/tools/bin/../lib/gcc/arm-none-eabi/13.3.1/../../../../arm-none-eabi/lib/thumb/v7e-m+fp/hard\libc_nano.a(libc_a-nano-svfprintf.o)
                0x0800bb3c                _svfiprintf_r
                0x0800bb3c                _svfprintf_r
 .text._printf_common
                0x0800bd34       0xda C:/ST/STM32CubeIDE_1.14.1/STM32CubeIDE/plugins/com.st.stm32cube.ide.mcu.externaltools.gnu-tools-for-stm32.13.3.rel1.win32_1.0.0.202411081344/tools/bin/../lib/gcc/arm-none-eabi/13.3.1/../../../../arm-none-eabi/lib/thumb/v7e-m+fp/hard\libc_nano.a(libc_a-nano-vfprintf_i.o)
                0x0800bd34                _printf_common
 *fill*         0x0800be0e        0x2 
 .text._printf_i
                0x0800be10      0x23c C:/ST/STM32CubeIDE_1.14.1/STM32CubeIDE/plugins/com.st.stm32cube.ide.mcu.externaltools.gnu-tools-for-stm32.13.3.rel1.win32_1.0.0.202411081344/tools/bin/../lib/gcc/arm-none-eabi/13.3.1/../../../../arm-none-eabi/lib/thumb/v7e-m+fp/hard\libc_nano.a(libc_a-nano-vfprintf_i.o)
                0x0800be10                _printf_i
 .text.memmove  0x0800c04c       0x34 C:/ST/STM32CubeIDE_1.14.1/STM32CubeIDE/plugins/com.st.stm32cube.ide.mcu.externaltools.gnu-tools-for-stm32.13.3.rel1.win32_1.0.0.202411081344/tools/bin/../lib/gcc/arm-none-eabi/13.3.1/../../../../arm-none-eabi/lib/thumb/v7e-m+fp/hard\libc_nano.a(libc_a-memmove.o)
                0x0800c04c                memmove
 .text.memcpy   0x0800c080       0x1c C:/ST/STM32CubeIDE_1.14.1/STM32CubeIDE/plugins/com.st.stm32cube.ide.mcu.externaltools.gnu-tools-for-stm32.13.3.rel1.win32_1.0.0.202411081344/tools/bin/../lib/gcc/arm-none-eabi/13.3.1/../../../../arm-none-eabi/lib/thumb/v7e-m+fp/hard\libc_nano.a(libc_a-memcpy-stub.o)
                0x0800c080                memcpy
 .text._realloc_r
                0x0800c09c       0x5c C:/ST/STM32CubeIDE_1.14.1/STM32CubeIDE/plugins/com.st.stm32cube.ide.mcu.externaltools.gnu-tools-for-stm32.13.3.rel1.win32_1.0.0.202411081344/tools/bin/../lib/gcc/arm-none-eabi/13.3.1/../../../../arm-none-eabi/lib/thumb/v7e-m+fp/hard\libc_nano.a(libc_a-reallocr.o)
                0x0800c09c                _realloc_r
 .text._malloc_usable_size_r
                0x0800c0f8       0x10 C:/ST/STM32CubeIDE_1.14.1/STM32CubeIDE/plugins/com.st.stm32cube.ide.mcu.externaltools.gnu-tools-for-stm32.13.3.rel1.win32_1.0.0.202411081344/tools/bin/../lib/gcc/arm-none-eabi/13.3.1/../../../../arm-none-eabi/lib/thumb/v7e-m+fp/hard\libc_nano.a(libc_a-msizer.o)
                0x0800c0f8                _malloc_usable_size_r
 *(.glue_7)
 .glue_7        0x0800c108        0x0 linker stubs
 *(.glue_7t)
 .glue_7t       0x0800c108        0x0 linker stubs
 *(.eh_frame)
 .eh_frame      0x0800c108        0x0 C:/ST/STM32CubeIDE_1.14.1/STM32CubeIDE/plugins/com.st.stm32cube.ide.mcu.externaltools.gnu-tools-for-stm32.13.3.rel1.win32_1.0.0.202411081344/tools/bin/../lib/gcc/arm-none-eabi/13.3.1/thumb/v7e-m+fp/hard/crtbegin.o
 *(.init)
 .init          0x0800c108        0x4 C:/ST/STM32CubeIDE_1.14.1/STM32CubeIDE/plugins/com.st.stm32cube.ide.mcu.externaltools.gnu-tools-for-stm32.13.3.rel1.win32_1.0.0.202411081344/tools/bin/../lib/gcc/arm-none-eabi/13.3.1/thumb/v7e-m+fp/hard/crti.o
                0x0800c108                _init
 .init          0x0800c10c        0x8 C:/ST/STM32CubeIDE_1.14.1/STM32CubeIDE/plugins/com.st.stm32cube.ide.mcu.externaltools.gnu-tools-for-stm32.13.3.rel1.win32_1.0.0.202411081344/tools/bin/../lib/gcc/arm-none-eabi/13.3.1/thumb/v7e-m+fp/hard/crtn.o
 *(.fini)
 .fini          0x0800c114        0x4 C:/ST/STM32CubeIDE_1.14.1/STM32CubeIDE/plugins/com.st.stm32cube.ide.mcu.externaltools.gnu-tools-for-stm32.13.3.rel1.win32_1.0.0.202411081344/tools/bin/../lib/gcc/arm-none-eabi/13.3.1/thumb/v7e-m+fp/hard/crti.o
                0x0800c114                _fini
 .fini          0x0800c118        0x8 C:/ST/STM32CubeIDE_1.14.1/STM32CubeIDE/plugins/com.st.stm32cube.ide.mcu.externaltools.gnu-tools-for-stm32.13.3.rel1.win32_1.0.0.202411081344/tools/bin/../lib/gcc/arm-none-eabi/13.3.1/thumb/v7e-m+fp/hard/crtn.o
                0x0800c120                        . = ALIGN (0x4)
                0x0800c120                        _etext = .

.vfp11_veneer   0x0800c120        0x0
 .vfp11_veneer  0x0800c120        0x0 linker stubs

.v4_bx          0x0800c120        0x0
 .v4_bx         0x0800c120        0x0 linker stubs

.iplt           0x0800c120        0x0
 .iplt          0x0800c120        0x0 C:/ST/STM32CubeIDE_1.14.1/STM32CubeIDE/plugins/com.st.stm32cube.ide.mcu.externaltools.gnu-tools-for-stm32.13.3.rel1.win32_1.0.0.202411081344/tools/bin/../lib/gcc/arm-none-eabi/13.3.1/thumb/v7e-m+fp/hard/crtbegin.o

.rodata         0x0800c120      0x690
                0x0800c120                        . = ALIGN (0x4)
 *(.rodata)
 .rodata        0x0800c120      0x1b2 ./Core/Src/main.o
 *fill*         0x0800c2d2        0x2 
 .rodata        0x0800c2d4       0x48 ./Middlewares/Third_Party/FatFs/src/ff.o
 *(.rodata*)
 .rodata.AHBPrescTable
                0x0800c31c       0x10 ./Core/Src/system_stm32f4xx.o
                0x0800c31c                AHBPrescTable
 .rodata.APBPrescTable
                0x0800c32c        0x8 ./Core/Src/system_stm32f4xx.o
                0x0800c32c                APBPrescTable
 .rodata.flagBitshiftOffset.0
                0x0800c334        0x8 ./Drivers/STM32F4xx_HAL_Driver/Src/stm32f4xx_hal_dma.o
 .rodata.ExCvt  0x0800c33c       0x80 ./Middlewares/Third_Party/FatFs/src/ff.o
 .rodata.LfnOfs
                0x0800c3bc        0xd ./Middlewares/Third_Party/FatFs/src/ff.o
 *fill*         0x0800c3c9        0x3 
 .rodata.Tbl    0x0800c3cc      0x100 ./Middlewares/Third_Party/FatFs/src/option/ccsbcs.o
 .rodata.cvt1.1
                0x0800c4cc      0x1f2 ./Middlewares/Third_Party/FatFs/src/option/ccsbcs.o
 *fill*         0x0800c6be        0x2 
 .rodata.cvt2.0
                0x0800c6c0       0xbc ./Middlewares/Third_Party/FatFs/src/option/ccsbcs.o
 .rodata._svfprintf_r.str1.1
                0x0800c77c       0x33 C:/ST/STM32CubeIDE_1.14.1/STM32CubeIDE/plugins/com.st.stm32cube.ide.mcu.externaltools.gnu-tools-for-stm32.13.3.rel1.win32_1.0.0.202411081344/tools/bin/../lib/gcc/arm-none-eabi/13.3.1/../../../../arm-none-eabi/lib/thumb/v7e-m+fp/hard\libc_nano.a(libc_a-nano-svfprintf.o)
                                 0x11 (size before relaxing)
 .rodata._printf_i.str1.1
                0x0800c7af       0x22 C:/ST/STM32CubeIDE_1.14.1/STM32CubeIDE/plugins/com.st.stm32cube.ide.mcu.externaltools.gnu-tools-for-stm32.13.3.rel1.win32_1.0.0.202411081344/tools/bin/../lib/gcc/arm-none-eabi/13.3.1/../../../../arm-none-eabi/lib/thumb/v7e-m+fp/hard\libc_nano.a(libc_a-nano-vfprintf_i.o)
                0x0800c7d4                        . = ALIGN (0x4)
 *fill*         0x0800c7af        0x1 

.ARM.extab      0x0800c7b0        0x0
                0x0800c7b0                        . = ALIGN (0x4)
 *(.ARM.extab* .gnu.linkonce.armextab.*)
                0x0800c7b0                        . = ALIGN (0x4)

.ARM            0x0800c7b0        0x8
                0x0800c7b0                        . = ALIGN (0x4)
                0x0800c7b0                        __exidx_start = .
 *(.ARM.exidx*)
 .ARM.exidx     0x0800c7b0        0x8 C:/ST/STM32CubeIDE_1.14.1/STM32CubeIDE/plugins/com.st.stm32cube.ide.mcu.externaltools.gnu-tools-for-stm32.13.3.rel1.win32_1.0.0.202411081344/tools/bin/../lib/gcc/arm-none-eabi/13.3.1/../../../../arm-none-eabi/lib/thumb/v7e-m+fp/hard\libc_nano.a(libc_a-memchr.o)
 .ARM.exidx     0x0800c7b8        0x0 C:/ST/STM32CubeIDE_1.14.1/STM32CubeIDE/plugins/com.st.stm32cube.ide.mcu.externaltools.gnu-tools-for-stm32.13.3.rel1.win32_1.0.0.202411081344/tools/bin/../lib/gcc/arm-none-eabi/13.3.1/thumb/v7e-m+fp/hard\libgcc.a(_udivmoddi4.o)
                                  0x8 (size before relaxing)
                0x0800c7b8                        __exidx_end = .
                0x0800c7b8                        . = ALIGN (0x4)

.preinit_array  0x0800c7b8        0x0
                0x0800c7b8                        . = ALIGN (0x4)
                0x0800c7b8                        PROVIDE (__preinit_array_start = .)
 *(.preinit_array*)
                0x0800c7b8                        PROVIDE (__preinit_array_end = .)
                0x0800c7b8                        . = ALIGN (0x4)

.init_array     0x0800c7b8        0x4
                0x0800c7b8                        . = ALIGN (0x4)
                0x0800c7b8                        PROVIDE (__init_array_start = .)
 *(SORT_BY_NAME(.init_array.*))
 *(.init_array*)
 .init_array    0x0800c7b8        0x4 C:/ST/STM32CubeIDE_1.14.1/STM32CubeIDE/plugins/com.st.stm32cube.ide.mcu.externaltools.gnu-tools-for-stm32.13.3.rel1.win32_1.0.0.202411081344/tools/bin/../lib/gcc/arm-none-eabi/13.3.1/thumb/v7e-m+fp/hard/crtbegin.o
                0x0800c7bc                        PROVIDE (__init_array_end = .)
                0x0800c7bc                        . = ALIGN (0x4)

.fini_array     0x0800c7bc        0x4
                0x0800c7bc                        . = ALIGN (0x4)
                [!provide]                        PROVIDE (__fini_array_start = .)
 *(SORT_BY_NAME(.fini_array.*))
 *(.fini_array*)
 .fini_array    0x0800c7bc        0x4 C:/ST/STM32CubeIDE_1.14.1/STM32CubeIDE/plugins/com.st.stm32cube.ide.mcu.externaltools.gnu-tools-for-stm32.13.3.rel1.win32_1.0.0.202411081344/tools/bin/../lib/gcc/arm-none-eabi/13.3.1/thumb/v7e-m+fp/hard/crtbegin.o
                [!provide]                        PROVIDE (__fini_array_end = .)
                0x0800c7c0                        . = ALIGN (0x4)
                0x0800c7c0                        _sidata = LOADADDR (.data)

.rel.dyn        0x0800c7c0        0x0
 .rel.iplt      0x0800c7c0        0x0 C:/ST/STM32CubeIDE_1.14.1/STM32CubeIDE/plugins/com.st.stm32cube.ide.mcu.externaltools.gnu-tools-for-stm32.13.3.rel1.win32_1.0.0.202411081344/tools/bin/../lib/gcc/arm-none-eabi/13.3.1/thumb/v7e-m+fp/hard/crtbegin.o

.data           0x20000000       0xe0 load address 0x0800c7c0
                0x20000000                        . = ALIGN (0x4)
                0x20000000                        _sdata = .
 *(.data)
 *(.data*)
 .data.Stat     0x20000000        0x1 ./Core/Src/fatfs_sd.o
 *fill*         0x20000001        0x3 
 .data.H1       0x20000004        0x3 ./Core/Src/main.o
                0x20000004                H1
 *fill*         0x20000007        0x1 
 .data.H2       0x20000008        0x3 ./Core/Src/main.o
                0x20000008                H2
 *fill*         0x2000000b        0x1 
 .data.H3       0x2000000c        0x3 ./Core/Src/main.o
                0x2000000c                H3
 *fill*         0x2000000f        0x1 
 .data.H4       0x20000010        0x3 ./Core/Src/main.o
                0x20000010                H4
 *fill*         0x20000013        0x1 
 .data.H5       0x20000014        0x3 ./Core/Src/main.o
                0x20000014                H5
 *fill*         0x20000017        0x1 
 .data.H6       0x20000018        0x3 ./Core/Src/main.o
                0x20000018                H6
 *fill*         0x2000001b        0x1 
 .data.H7       0x2000001c        0x3 ./Core/Src/main.o
                0x2000001c                H7
 *fill*         0x2000001f        0x1 
 .data.H8       0x20000020        0x3 ./Core/Src/main.o
                0x20000020                H8
 *fill*         0x20000023        0x1 
 .data.H9       0x20000024        0x3 ./Core/Src/main.o
                0x20000024                H9
 *fill*         0x20000027        0x1 
 .data.H10      0x20000028        0x4 ./Core/Src/main.o
                0x20000028                H10
 .data.H11      0x2000002c        0x4 ./Core/Src/main.o
                0x2000002c                H11
 .data.H12      0x20000030        0x4 ./Core/Src/main.o
                0x20000030                H12
 .data.H13      0x20000034        0x4 ./Core/Src/main.o
                0x20000034                H13
 .data.H14      0x20000038        0x4 ./Core/Src/main.o
                0x20000038                H14
 .data.H15      0x2000003c        0x4 ./Core/Src/main.o
                0x2000003c                H15
 .data.H16      0x20000040        0x4 ./Core/Src/main.o
                0x20000040                H16
 .data.H17      0x20000044        0x4 ./Core/Src/main.o
                0x20000044                H17
 .data.H18      0x20000048        0x4 ./Core/Src/main.o
                0x20000048                H18
 .data.H19      0x2000004c        0x4 ./Core/Src/main.o
                0x2000004c                H19
 .data.H20      0x20000050        0x4 ./Core/Src/main.o
                0x20000050                H20
 .data.H21      0x20000054        0x4 ./Core/Src/main.o
                0x20000054                H21
 .data.H22      0x20000058        0x4 ./Core/Src/main.o
                0x20000058                H22
 .data.tsks     0x2000005c        0x4 ./Core/Src/main.o
                0x2000005c                tsks
 .data.btg      0x20000060        0x4 ./Core/Src/main.o
                0x20000060                btg
 .data.kem      0x20000064        0x4 ./Core/Src/main.o
                0x20000064                kem
 .data.sg       0x20000068        0x4 ./Core/Src/main.o
                0x20000068                sg
 .data.Cmd_End  0x2000006c        0x3 ./Core/Src/main.o
                0x2000006c                Cmd_End
 *fill*         0x2000006f        0x1 
 .data.SystemCoreClock
                0x20000070        0x4 ./Core/Src/system_stm32f4xx.o
                0x20000070                SystemCoreClock
 .data.uwTickPrio
                0x20000074        0x4 ./Drivers/STM32F4xx_HAL_Driver/Src/stm32f4xx_hal.o
                0x20000074                uwTickPrio
 .data.uwTickFreq
                0x20000078        0x1 ./Drivers/STM32F4xx_HAL_Driver/Src/stm32f4xx_hal.o
                0x20000078                uwTickFreq
 *fill*         0x20000079        0x3 
 .data.USER_Driver
                0x2000007c       0x14 ./FATFS/Target/user_diskio.o
                0x2000007c                USER_Driver
 .data._impure_ptr
                0x20000090        0x4 C:/ST/STM32CubeIDE_1.14.1/STM32CubeIDE/plugins/com.st.stm32cube.ide.mcu.externaltools.gnu-tools-for-stm32.13.3.rel1.win32_1.0.0.202411081344/tools/bin/../lib/gcc/arm-none-eabi/13.3.1/../../../../arm-none-eabi/lib/thumb/v7e-m+fp/hard\libc_nano.a(libc_a-impure.o)
                0x20000090                _impure_ptr
 .data._impure_data
                0x20000094       0x4c C:/ST/STM32CubeIDE_1.14.1/STM32CubeIDE/plugins/com.st.stm32cube.ide.mcu.externaltools.gnu-tools-for-stm32.13.3.rel1.win32_1.0.0.202411081344/tools/bin/../lib/gcc/arm-none-eabi/13.3.1/../../../../arm-none-eabi/lib/thumb/v7e-m+fp/hard\libc_nano.a(libc_a-impure.o)
                0x20000094                _impure_data
 *(.RamFunc)
 *(.RamFunc*)
                0x200000e0                        . = ALIGN (0x4)
                0x200000e0                        _edata = .
                0x0800c8a0                        _siccmram = LOADADDR (.ccmram)

.igot.plt       0x200000e0        0x0 load address 0x0800c8a0
 .igot.plt      0x200000e0        0x0 C:/ST/STM32CubeIDE_1.14.1/STM32CubeIDE/plugins/com.st.stm32cube.ide.mcu.externaltools.gnu-tools-for-stm32.13.3.rel1.win32_1.0.0.202411081344/tools/bin/../lib/gcc/arm-none-eabi/13.3.1/thumb/v7e-m+fp/hard/crtbegin.o

.ccmram         0x10000000        0x0 load address 0x0800c8a0
                0x10000000                        . = ALIGN (0x4)
                0x10000000                        _sccmram = .
 *(.ccmram)
 *(.ccmram*)
                0x10000000                        . = ALIGN (0x4)
                0x10000000                        _eccmram = .
                0x10000000                        . = ALIGN (0x4)

.bss            0x200000e0     0x29b8
                0x200000e0                        _sbss = .
                0x200000e0                        __bss_start__ = _sbss
 *(.bss)
 .bss           0x200000e0       0x1c C:/ST/STM32CubeIDE_1.14.1/STM32CubeIDE/plugins/com.st.stm32cube.ide.mcu.externaltools.gnu-tools-for-stm32.13.3.rel1.win32_1.0.0.202411081344/tools/bin/../lib/gcc/arm-none-eabi/13.3.1/thumb/v7e-m+fp/hard/crtbegin.o
 *(.bss*)
 .bss.Timer1    0x200000fc        0x2 ./Core/Src/fatfs_sd.o
                0x200000fc                Timer1
 .bss.Timer2    0x200000fe        0x2 ./Core/Src/fatfs_sd.o
                0x200000fe                Timer2
 .bss.CardType  0x20000100        0x1 ./Core/Src/fatfs_sd.o
 .bss.PowerFlag
                0x20000101        0x1 ./Core/Src/fatfs_sd.o
 *fill*         0x20000102        0x2 
 .bss.fs        0x20000104     0x1038 ./Core/Src/main.o
                0x20000104                fs
 .bss.fil       0x2000113c     0x1030 ./Core/Src/main.o
                0x2000113c                fil
 .bss.pRxHeader
                0x2000216c       0x1c ./Core/Src/main.o
                0x2000216c                pRxHeader
 .bss.sFilterConfig
                0x20002188       0x28 ./Core/Src/main.o
                0x20002188                sFilterConfig
 .bss.rxData    0x200021b0        0x8 ./Core/Src/main.o
                0x200021b0                rxData
 .bss.arac_hiz  0x200021b8        0x2 ./Core/Src/main.o
                0x200021b8                arac_hiz
 .bss.motor_temp_tam
                0x200021ba        0x2 ./Core/Src/main.o
                0x200021ba                motor_temp_tam
 .bss.motor_temp_on
                0x200021bc        0x2 ./Core/Src/main.o
                0x200021bc                motor_temp_on
 .bss.surucu_temp_tam
                0x200021be        0x2 ./Core/Src/main.o
                0x200021be                surucu_temp_tam
 .bss.surucu_temp_on
                0x200021c0        0x2 ./Core/Src/main.o
                0x200021c0                surucu_temp_on
 *fill*         0x200021c2        0x2 
 .bss.motor_temp
                0x200021c4        0x4 ./Core/Src/main.o
                0x200021c4                motor_temp
 .bss.surucu_temp
                0x200021c8        0x4 ./Core/Src/main.o
                0x200021c8                surucu_temp
 .bss.a         0x200021cc        0x4 ./Core/Src/main.o
                0x200021cc                a
 .bss.sarj_gucu
                0x200021d0        0x2 ./Core/Src/main.o
                0x200021d0                sarj_gucu
 .bss.kalan_sure
                0x200021d2        0x2 ./Core/Src/main.o
                0x200021d2                kalan_sure
 .bss.count1    0x200021d4        0x2 ./Core/Src/main.o
                0x200021d4                count1
 *fill*         0x200021d6        0x2 
 .bss.bms_timer
                0x200021d8        0x4 ./Core/Src/main.o
                0x200021d8                bms_timer
 .bss.motor_timer
                0x200021dc        0x4 ./Core/Src/main.o
                0x200021dc                motor_timer
 .bss.arac_hizi
                0x200021e0        0x4 ./Core/Src/main.o
                0x200021e0                arac_hizi
 .bss.sicaklik  0x200021e4        0x4 ./Core/Src/main.o
                0x200021e4                sicaklik
 .bss.hucre1    0x200021e8        0x4 ./Core/Src/main.o
                0x200021e8                hucre1
 .bss.hucre2    0x200021ec        0x4 ./Core/Src/main.o
                0x200021ec                hucre2
 .bss.hucre3    0x200021f0        0x4 ./Core/Src/main.o
                0x200021f0                hucre3
 .bss.hucre4    0x200021f4        0x4 ./Core/Src/main.o
                0x200021f4                hucre4
 .bss.hucre5    0x200021f8        0x4 ./Core/Src/main.o
                0x200021f8                hucre5
 .bss.hucre6    0x200021fc        0x4 ./Core/Src/main.o
                0x200021fc                hucre6
 .bss.hucre7    0x20002200        0x4 ./Core/Src/main.o
                0x20002200                hucre7
 .bss.hucre8    0x20002204        0x4 ./Core/Src/main.o
                0x20002204                hucre8
 .bss.hucre9    0x20002208        0x4 ./Core/Src/main.o
                0x20002208                hucre9
 .bss.hucre10   0x2000220c        0x4 ./Core/Src/main.o
                0x2000220c                hucre10
 .bss.hucre11   0x20002210        0x4 ./Core/Src/main.o
                0x20002210                hucre11
 .bss.hucre12   0x20002214        0x4 ./Core/Src/main.o
                0x20002214                hucre12
 .bss.hucre13   0x20002218        0x4 ./Core/Src/main.o
                0x20002218                hucre13
 .bss.hucre14   0x2000221c        0x4 ./Core/Src/main.o
                0x2000221c                hucre14
 .bss.hucre15   0x20002220        0x4 ./Core/Src/main.o
                0x20002220                hucre15
 .bss.hucre16   0x20002224        0x4 ./Core/Src/main.o
                0x20002224                hucre16
 .bss.hucre17   0x20002228        0x4 ./Core/Src/main.o
                0x20002228                hucre17
 .bss.hucre18   0x2000222c        0x4 ./Core/Src/main.o
                0x2000222c                hucre18
 .bss.hucre19   0x20002230        0x4 ./Core/Src/main.o
                0x20002230                hucre19
 .bss.hucre20   0x20002234        0x4 ./Core/Src/main.o
                0x20002234                hucre20
 .bss.hucre21   0x20002238        0x4 ./Core/Src/main.o
                0x20002238                hucre21
 .bss.hucre22   0x2000223c        0x4 ./Core/Src/main.o
                0x2000223c                hucre22
 .bss.toplam_gerilim
                0x20002240        0x4 ./Core/Src/main.o
                0x20002240                toplam_gerilim
 .bss.kalan_enerj_miktari
                0x20002244        0x4 ./Core/Src/main.o
                0x20002244                kalan_enerj_miktari
 .bss.int_sicaklik
                0x20002248        0x4 ./Core/Src/main.o
                0x20002248                int_sicaklik
 .bss.int_hucre1
                0x2000224c        0x4 ./Core/Src/main.o
                0x2000224c                int_hucre1
 .bss.int_hucre2
                0x20002250        0x4 ./Core/Src/main.o
                0x20002250                int_hucre2
 .bss.int_hucre3
                0x20002254        0x4 ./Core/Src/main.o
                0x20002254                int_hucre3
 .bss.int_hucre4
                0x20002258        0x4 ./Core/Src/main.o
                0x20002258                int_hucre4
 .bss.int_hucre5
                0x2000225c        0x4 ./Core/Src/main.o
                0x2000225c                int_hucre5
 .bss.int_hucre6
                0x20002260        0x4 ./Core/Src/main.o
                0x20002260                int_hucre6
 .bss.int_hucre7
                0x20002264        0x4 ./Core/Src/main.o
                0x20002264                int_hucre7
 .bss.int_hucre8
                0x20002268        0x4 ./Core/Src/main.o
                0x20002268                int_hucre8
 .bss.int_hucre9
                0x2000226c        0x4 ./Core/Src/main.o
                0x2000226c                int_hucre9
 .bss.int_hucre10
                0x20002270        0x4 ./Core/Src/main.o
                0x20002270                int_hucre10
 .bss.int_hucre11
                0x20002274        0x4 ./Core/Src/main.o
                0x20002274                int_hucre11
 .bss.int_hucre12
                0x20002278        0x4 ./Core/Src/main.o
                0x20002278                int_hucre12
 .bss.int_hucre13
                0x2000227c        0x4 ./Core/Src/main.o
                0x2000227c                int_hucre13
 .bss.int_hucre14
                0x20002280        0x4 ./Core/Src/main.o
                0x20002280                int_hucre14
 .bss.int_hucre15
                0x20002284        0x4 ./Core/Src/main.o
                0x20002284                int_hucre15
 .bss.int_hucre16
                0x20002288        0x4 ./Core/Src/main.o
                0x20002288                int_hucre16
 .bss.int_hucre17
                0x2000228c        0x4 ./Core/Src/main.o
                0x2000228c                int_hucre17
 .bss.int_hucre18
                0x20002290        0x4 ./Core/Src/main.o
                0x20002290                int_hucre18
 .bss.int_hucre19
                0x20002294        0x4 ./Core/Src/main.o
                0x20002294                int_hucre19
 .bss.int_hucre20
                0x20002298        0x4 ./Core/Src/main.o
                0x20002298                int_hucre20
 .bss.int_hucre21
                0x2000229c        0x4 ./Core/Src/main.o
                0x2000229c                int_hucre21
 .bss.int_hucre22
                0x200022a0        0x4 ./Core/Src/main.o
                0x200022a0                int_hucre22
 .bss.int_toplam_gerilim
                0x200022a4        0x4 ./Core/Src/main.o
                0x200022a4                int_toplam_gerilim
 .bss.int_kalan_enerj_miktari
                0x200022a8        0x4 ./Core/Src/main.o
                0x200022a8                int_kalan_enerj_miktari
 .bss.motors    0x200022ac       0x14 ./Core/Src/main.o
                0x200022ac                motors
 .bss.bataryas  0x200022c0       0x14 ./Core/Src/main.o
                0x200022c0                bataryas
 .bss.arachızs
                0x200022d4       0x14 ./Core/Src/main.o
                0x200022d4                arachızs
 .bss.kalans    0x200022e8       0x14 ./Core/Src/main.o
                0x200022e8                kalans
 .bss.topgerilims
                0x200022fc       0x14 ./Core/Src/main.o
                0x200022fc                topgerilims
 .bss.kalansures
                0x20002310       0x14 ./Core/Src/main.o
                0x20002310                kalansures
 .bss.sarjgucus
                0x20002324       0x14 ./Core/Src/main.o
                0x20002324                sarjgucus
 .bss.bat_sicaklik
                0x20002338        0x4 ./Core/Src/main.o
                0x20002338                bat_sicaklik
 .bss.h1s       0x2000233c       0x14 ./Core/Src/main.o
                0x2000233c                h1s
 .bss.h2s       0x20002350       0x14 ./Core/Src/main.o
                0x20002350                h2s
 .bss.h3s       0x20002364       0x14 ./Core/Src/main.o
                0x20002364                h3s
 .bss.h4s       0x20002378       0x14 ./Core/Src/main.o
                0x20002378                h4s
 .bss.h5s       0x2000238c       0x14 ./Core/Src/main.o
                0x2000238c                h5s
 .bss.h6s       0x200023a0       0x14 ./Core/Src/main.o
                0x200023a0                h6s
 .bss.h7s       0x200023b4       0x14 ./Core/Src/main.o
                0x200023b4                h7s
 .bss.h8s       0x200023c8       0x14 ./Core/Src/main.o
                0x200023c8                h8s
 .bss.h9s       0x200023dc       0x14 ./Core/Src/main.o
                0x200023dc                h9s
 .bss.h10s      0x200023f0       0x14 ./Core/Src/main.o
                0x200023f0                h10s
 .bss.h11s      0x20002404       0x14 ./Core/Src/main.o
                0x20002404                h11s
 .bss.h12s      0x20002418       0x14 ./Core/Src/main.o
                0x20002418                h12s
 .bss.h13s      0x2000242c       0x14 ./Core/Src/main.o
                0x2000242c                h13s
 .bss.h14s      0x20002440       0x14 ./Core/Src/main.o
                0x20002440                h14s
 .bss.h15s      0x20002454       0x14 ./Core/Src/main.o
                0x20002454                h15s
 .bss.h16s      0x20002468       0x14 ./Core/Src/main.o
                0x20002468                h16s
 .bss.h17s      0x2000247c       0x14 ./Core/Src/main.o
                0x2000247c                h17s
 .bss.h18s      0x20002490       0x14 ./Core/Src/main.o
                0x20002490                h18s
 .bss.h19s      0x200024a4       0x14 ./Core/Src/main.o
                0x200024a4                h19s
 .bss.h20s      0x200024b8       0x14 ./Core/Src/main.o
                0x200024b8                h20s
 .bss.h21s      0x200024cc       0x14 ./Core/Src/main.o
                0x200024cc                h21s
 .bss.h22s      0x200024e0       0x14 ./Core/Src/main.o
                0x200024e0                h22s
 .bss.data1     0x200024f4        0x2 ./Core/Src/main.o
                0x200024f4                data1
 *fill*         0x200024f6        0x2 
 .bss.adc_value
                0x200024f8        0x4 ./Core/Src/main.o
                0x200024f8                adc_value
 .bss.current   0x200024fc        0x4 ./Core/Src/main.o
                0x200024fc                current
 .bss.hadc1     0x20002500       0x48 ./Core/Src/main.o
                0x20002500                hadc1
 .bss.hdma_adc1
                0x20002548       0x60 ./Core/Src/main.o
                0x20002548                hdma_adc1
 .bss.hcan1     0x200025a8       0x28 ./Core/Src/main.o
                0x200025a8                hcan1
 .bss.hspi1     0x200025d0       0x58 ./Core/Src/main.o
                0x200025d0                hspi1
 .bss.htim2     0x20002628       0x48 ./Core/Src/main.o
                0x20002628                htim2
 .bss.huart4    0x20002670       0x48 ./Core/Src/main.o
                0x20002670                huart4
 .bss.huart5    0x200026b8       0x48 ./Core/Src/main.o
                0x200026b8                huart5
 .bss.hiz_ibresiderece
                0x20002700        0x4 ./Core/Src/main.o
                0x20002700                hiz_ibresiderece
 .bss.toplam_batarya
                0x20002704        0x4 ./Core/Src/main.o
                0x20002704                toplam_batarya
 .bss.batarya_sicaklik
                0x20002708        0x4 ./Core/Src/main.o
                0x20002708                batarya_sicaklik
 .bss.__sbrk_heap_end
                0x2000270c        0x4 ./Core/Src/sysmem.o
 .bss.uwTick    0x20002710        0x4 ./Drivers/STM32F4xx_HAL_Driver/Src/stm32f4xx_hal.o
                0x20002710                uwTick
 .bss.retUSER   0x20002714        0x1 ./FATFS/App/fatfs.o
                0x20002714                retUSER
 *fill*         0x20002715        0x3 
 .bss.USERPath  0x20002718        0x4 ./FATFS/App/fatfs.o
                0x20002718                USERPath
 .bss.FatFs     0x2000271c        0x4 ./Middlewares/Third_Party/FatFs/src/ff.o
 .bss.Fsid      0x20002720        0x2 ./Middlewares/Third_Party/FatFs/src/ff.o
 *fill*         0x20002722        0x2 
 .bss.Files     0x20002724       0x20 ./Middlewares/Third_Party/FatFs/src/ff.o
 .bss.LfnBuf    0x20002744      0x200 ./Middlewares/Third_Party/FatFs/src/ff.o
 .bss.disk      0x20002944        0xc ./Middlewares/Third_Party/FatFs/src/ff_gen_drv.o
                0x20002944                disk
 .bss.__malloc_sbrk_start
                0x20002950        0x4 C:/ST/STM32CubeIDE_1.14.1/STM32CubeIDE/plugins/com.st.stm32cube.ide.mcu.externaltools.gnu-tools-for-stm32.13.3.rel1.win32_1.0.0.202411081344/tools/bin/../lib/gcc/arm-none-eabi/13.3.1/../../../../arm-none-eabi/lib/thumb/v7e-m+fp/hard\libc_nano.a(libc_a-mallocr.o)
                0x20002950                __malloc_sbrk_start
 .bss.__malloc_free_list
                0x20002954        0x4 C:/ST/STM32CubeIDE_1.14.1/STM32CubeIDE/plugins/com.st.stm32cube.ide.mcu.externaltools.gnu-tools-for-stm32.13.3.rel1.win32_1.0.0.202411081344/tools/bin/../lib/gcc/arm-none-eabi/13.3.1/../../../../arm-none-eabi/lib/thumb/v7e-m+fp/hard\libc_nano.a(libc_a-mallocr.o)
                0x20002954                __malloc_free_list
 .bss.__sf      0x20002958      0x138 C:/ST/STM32CubeIDE_1.14.1/STM32CubeIDE/plugins/com.st.stm32cube.ide.mcu.externaltools.gnu-tools-for-stm32.13.3.rel1.win32_1.0.0.202411081344/tools/bin/../lib/gcc/arm-none-eabi/13.3.1/../../../../arm-none-eabi/lib/thumb/v7e-m+fp/hard\libc_nano.a(libc_a-findfp.o)
                0x20002958                __sf
 .bss.errno     0x20002a90        0x4 C:/ST/STM32CubeIDE_1.14.1/STM32CubeIDE/plugins/com.st.stm32cube.ide.mcu.externaltools.gnu-tools-for-stm32.13.3.rel1.win32_1.0.0.202411081344/tools/bin/../lib/gcc/arm-none-eabi/13.3.1/../../../../arm-none-eabi/lib/thumb/v7e-m+fp/hard\libc_nano.a(libc_a-reent.o)
                0x20002a90                errno
 .bss.__lock___malloc_recursive_mutex
                0x20002a94        0x1 C:/ST/STM32CubeIDE_1.14.1/STM32CubeIDE/plugins/com.st.stm32cube.ide.mcu.externaltools.gnu-tools-for-stm32.13.3.rel1.win32_1.0.0.202411081344/tools/bin/../lib/gcc/arm-none-eabi/13.3.1/../../../../arm-none-eabi/lib/thumb/v7e-m+fp/hard\libc_nano.a(libc_a-lock.o)
                0x20002a94                __lock___malloc_recursive_mutex
 *(COMMON)
                0x20002a98                        . = ALIGN (0x4)
 *fill*         0x20002a95        0x3 
                0x20002a98                        _ebss = .
                0x20002a98                        __bss_end__ = _ebss

._user_heap_stack
                0x20002a98      0x600
                0x20002a98                        . = ALIGN (0x8)
                [!provide]                        PROVIDE (end = .)
                0x20002a98                        PROVIDE (_end = .)
                0x20002c98                        . = (. + _Min_Heap_Size)
 *fill*         0x20002a98      0x200 
                0x20003098                        . = (. + _Min_Stack_Size)
 *fill*         0x20002c98      0x400 
                0x20003098                        . = ALIGN (0x8)

/DISCARD/
 libc.a(*)
 libm.a(*)
 libgcc.a(*)

.ARM.attributes
                0x00000000       0x30
 *(.ARM.attributes)
 .ARM.attributes
                0x00000000       0x22 C:/ST/STM32CubeIDE_1.14.1/STM32CubeIDE/plugins/com.st.stm32cube.ide.mcu.externaltools.gnu-tools-for-stm32.13.3.rel1.win32_1.0.0.202411081344/tools/bin/../lib/gcc/arm-none-eabi/13.3.1/thumb/v7e-m+fp/hard/crti.o
 .ARM.attributes
                0x00000022       0x34 C:/ST/STM32CubeIDE_1.14.1/STM32CubeIDE/plugins/com.st.stm32cube.ide.mcu.externaltools.gnu-tools-for-stm32.13.3.rel1.win32_1.0.0.202411081344/tools/bin/../lib/gcc/arm-none-eabi/13.3.1/thumb/v7e-m+fp/hard/crtbegin.o
 .ARM.attributes
                0x00000056       0x34 ./Core/Src/fatfs_sd.o
 .ARM.attributes
                0x0000008a       0x34 ./Core/Src/main.o
 .ARM.attributes
                0x000000be       0x34 ./Core/Src/stm32f4xx_hal_msp.o
 .ARM.attributes
                0x000000f2       0x34 ./Core/Src/stm32f4xx_it.o
 .ARM.attributes
                0x00000126       0x34 ./Core/Src/sysmem.o
 .ARM.attributes
                0x0000015a       0x34 ./Core/Src/system_stm32f4xx.o
 .ARM.attributes
                0x0000018e       0x21 ./Core/Startup/startup_stm32f407vgtx.o
 .ARM.attributes
                0x000001af       0x34 ./Drivers/STM32F4xx_HAL_Driver/Src/stm32f4xx_hal.o
 .ARM.attributes
                0x000001e3       0x34 ./Drivers/STM32F4xx_HAL_Driver/Src/stm32f4xx_hal_adc.o
 .ARM.attributes
                0x00000217       0x34 ./Drivers/STM32F4xx_HAL_Driver/Src/stm32f4xx_hal_can.o
 .ARM.attributes
                0x0000024b       0x34 ./Drivers/STM32F4xx_HAL_Driver/Src/stm32f4xx_hal_cortex.o
 .ARM.attributes
                0x0000027f       0x34 ./Drivers/STM32F4xx_HAL_Driver/Src/stm32f4xx_hal_dma.o
 .ARM.attributes
                0x000002b3       0x34 ./Drivers/STM32F4xx_HAL_Driver/Src/stm32f4xx_hal_gpio.o
 .ARM.attributes
                0x000002e7       0x34 ./Drivers/STM32F4xx_HAL_Driver/Src/stm32f4xx_hal_rcc.o
 .ARM.attributes
                0x0000031b       0x34 ./Drivers/STM32F4xx_HAL_Driver/Src/stm32f4xx_hal_spi.o
 .ARM.attributes
                0x0000034f       0x34 ./Drivers/STM32F4xx_HAL_Driver/Src/stm32f4xx_hal_tim.o
 .ARM.attributes
                0x00000383       0x34 ./Drivers/STM32F4xx_HAL_Driver/Src/stm32f4xx_hal_tim_ex.o
 .ARM.attributes
                0x000003b7       0x34 ./Drivers/STM32F4xx_HAL_Driver/Src/stm32f4xx_hal_uart.o
 .ARM.attributes
                0x000003eb       0x34 ./FATFS/App/fatfs.o
 .ARM.attributes
                0x0000041f       0x34 ./FATFS/Target/user_diskio.o
 .ARM.attributes
                0x00000453       0x34 ./Middlewares/Third_Party/FatFs/src/diskio.o
 .ARM.attributes
                0x00000487       0x34 ./Middlewares/Third_Party/FatFs/src/ff.o
 .ARM.attributes
                0x000004bb       0x34 ./Middlewares/Third_Party/FatFs/src/ff_gen_drv.o
 .ARM.attributes
                0x000004ef       0x34 ./Middlewares/Third_Party/FatFs/src/option/ccsbcs.o
 .ARM.attributes
                0x00000523       0x34 C:/ST/STM32CubeIDE_1.14.1/STM32CubeIDE/plugins/com.st.stm32cube.ide.mcu.externaltools.gnu-tools-for-stm32.13.3.rel1.win32_1.0.0.202411081344/tools/bin/../lib/gcc/arm-none-eabi/13.3.1/../../../../arm-none-eabi/lib/thumb/v7e-m+fp/hard\libc_nano.a(libc_a-malloc.o)
 .ARM.attributes
                0x00000557       0x34 C:/ST/STM32CubeIDE_1.14.1/STM32CubeIDE/plugins/com.st.stm32cube.ide.mcu.externaltools.gnu-tools-for-stm32.13.3.rel1.win32_1.0.0.202411081344/tools/bin/../lib/gcc/arm-none-eabi/13.3.1/../../../../arm-none-eabi/lib/thumb/v7e-m+fp/hard\libc_nano.a(libc_a-mallocr.o)
 .ARM.attributes
                0x0000058b       0x34 C:/ST/STM32CubeIDE_1.14.1/STM32CubeIDE/plugins/com.st.stm32cube.ide.mcu.externaltools.gnu-tools-for-stm32.13.3.rel1.win32_1.0.0.202411081344/tools/bin/../lib/gcc/arm-none-eabi/13.3.1/../../../../arm-none-eabi/lib/thumb/v7e-m+fp/hard\libc_nano.a(libc_a-mlock.o)
 .ARM.attributes
                0x000005bf       0x34 C:/ST/STM32CubeIDE_1.14.1/STM32CubeIDE/plugins/com.st.stm32cube.ide.mcu.externaltools.gnu-tools-for-stm32.13.3.rel1.win32_1.0.0.202411081344/tools/bin/../lib/gcc/arm-none-eabi/13.3.1/../../../../arm-none-eabi/lib/thumb/v7e-m+fp/hard\libc_nano.a(libc_a-findfp.o)
 .ARM.attributes
                0x000005f3       0x34 C:/ST/STM32CubeIDE_1.14.1/STM32CubeIDE/plugins/com.st.stm32cube.ide.mcu.externaltools.gnu-tools-for-stm32.13.3.rel1.win32_1.0.0.202411081344/tools/bin/../lib/gcc/arm-none-eabi/13.3.1/../../../../arm-none-eabi/lib/thumb/v7e-m+fp/hard\libc_nano.a(libc_a-sprintf.o)
 .ARM.attributes
                0x00000627       0x34 C:/ST/STM32CubeIDE_1.14.1/STM32CubeIDE/plugins/com.st.stm32cube.ide.mcu.externaltools.gnu-tools-for-stm32.13.3.rel1.win32_1.0.0.202411081344/tools/bin/../lib/gcc/arm-none-eabi/13.3.1/../../../../arm-none-eabi/lib/thumb/v7e-m+fp/hard\libc_nano.a(libc_a-memset.o)
 .ARM.attributes
                0x0000065b       0x34 C:/ST/STM32CubeIDE_1.14.1/STM32CubeIDE/plugins/com.st.stm32cube.ide.mcu.externaltools.gnu-tools-for-stm32.13.3.rel1.win32_1.0.0.202411081344/tools/bin/../lib/gcc/arm-none-eabi/13.3.1/../../../../arm-none-eabi/lib/thumb/v7e-m+fp/hard\libc_nano.a(libc_a-reent.o)
 .ARM.attributes
                0x0000068f       0x34 C:/ST/STM32CubeIDE_1.14.1/STM32CubeIDE/plugins/com.st.stm32cube.ide.mcu.externaltools.gnu-tools-for-stm32.13.3.rel1.win32_1.0.0.202411081344/tools/bin/../lib/gcc/arm-none-eabi/13.3.1/../../../../arm-none-eabi/lib/thumb/v7e-m+fp/hard\libc_nano.a(libc_a-impure.o)
 .ARM.attributes
                0x000006c3       0x34 C:/ST/STM32CubeIDE_1.14.1/STM32CubeIDE/plugins/com.st.stm32cube.ide.mcu.externaltools.gnu-tools-for-stm32.13.3.rel1.win32_1.0.0.202411081344/tools/bin/../lib/gcc/arm-none-eabi/13.3.1/../../../../arm-none-eabi/lib/thumb/v7e-m+fp/hard\libc_nano.a(libc_a-sbrkr.o)
 .ARM.attributes
                0x000006f7       0x34 C:/ST/STM32CubeIDE_1.14.1/STM32CubeIDE/plugins/com.st.stm32cube.ide.mcu.externaltools.gnu-tools-for-stm32.13.3.rel1.win32_1.0.0.202411081344/tools/bin/../lib/gcc/arm-none-eabi/13.3.1/../../../../arm-none-eabi/lib/thumb/v7e-m+fp/hard\libc_nano.a(libc_a-errno.o)
 .ARM.attributes
                0x0000072b       0x34 C:/ST/STM32CubeIDE_1.14.1/STM32CubeIDE/plugins/com.st.stm32cube.ide.mcu.externaltools.gnu-tools-for-stm32.13.3.rel1.win32_1.0.0.202411081344/tools/bin/../lib/gcc/arm-none-eabi/13.3.1/../../../../arm-none-eabi/lib/thumb/v7e-m+fp/hard\libc_nano.a(libc_a-init.o)
 .ARM.attributes
                0x0000075f       0x34 C:/ST/STM32CubeIDE_1.14.1/STM32CubeIDE/plugins/com.st.stm32cube.ide.mcu.externaltools.gnu-tools-for-stm32.13.3.rel1.win32_1.0.0.202411081344/tools/bin/../lib/gcc/arm-none-eabi/13.3.1/../../../../arm-none-eabi/lib/thumb/v7e-m+fp/hard\libc_nano.a(libc_a-lock.o)
 .ARM.attributes
                0x00000793       0x34 C:/ST/STM32CubeIDE_1.14.1/STM32CubeIDE/plugins/com.st.stm32cube.ide.mcu.externaltools.gnu-tools-for-stm32.13.3.rel1.win32_1.0.0.202411081344/tools/bin/../lib/gcc/arm-none-eabi/13.3.1/../../../../arm-none-eabi/lib/thumb/v7e-m+fp/hard\libc_nano.a(libc_a-freer.o)
 .ARM.attributes
                0x000007c7       0x34 C:/ST/STM32CubeIDE_1.14.1/STM32CubeIDE/plugins/com.st.stm32cube.ide.mcu.externaltools.gnu-tools-for-stm32.13.3.rel1.win32_1.0.0.202411081344/tools/bin/../lib/gcc/arm-none-eabi/13.3.1/../../../../arm-none-eabi/lib/thumb/v7e-m+fp/hard\libc_nano.a(libc_a-nano-svfprintf.o)
 .ARM.attributes
                0x000007fb       0x34 C:/ST/STM32CubeIDE_1.14.1/STM32CubeIDE/plugins/com.st.stm32cube.ide.mcu.externaltools.gnu-tools-for-stm32.13.3.rel1.win32_1.0.0.202411081344/tools/bin/../lib/gcc/arm-none-eabi/13.3.1/../../../../arm-none-eabi/lib/thumb/v7e-m+fp/hard\libc_nano.a(libc_a-nano-vfprintf_i.o)
 .ARM.attributes
                0x0000082f       0x34 C:/ST/STM32CubeIDE_1.14.1/STM32CubeIDE/plugins/com.st.stm32cube.ide.mcu.externaltools.gnu-tools-for-stm32.13.3.rel1.win32_1.0.0.202411081344/tools/bin/../lib/gcc/arm-none-eabi/13.3.1/../../../../arm-none-eabi/lib/thumb/v7e-m+fp/hard\libc_nano.a(libc_a-memmove.o)
 .ARM.attributes
                0x00000863       0x1c C:/ST/STM32CubeIDE_1.14.1/STM32CubeIDE/plugins/com.st.stm32cube.ide.mcu.externaltools.gnu-tools-for-stm32.13.3.rel1.win32_1.0.0.202411081344/tools/bin/../lib/gcc/arm-none-eabi/13.3.1/../../../../arm-none-eabi/lib/thumb/v7e-m+fp/hard\libc_nano.a(libc_a-memchr.o)
 .ARM.attributes
                0x0000087f       0x34 C:/ST/STM32CubeIDE_1.14.1/STM32CubeIDE/plugins/com.st.stm32cube.ide.mcu.externaltools.gnu-tools-for-stm32.13.3.rel1.win32_1.0.0.202411081344/tools/bin/../lib/gcc/arm-none-eabi/13.3.1/../../../../arm-none-eabi/lib/thumb/v7e-m+fp/hard\libc_nano.a(libc_a-memcpy-stub.o)
 .ARM.attributes
                0x000008b3       0x34 C:/ST/STM32CubeIDE_1.14.1/STM32CubeIDE/plugins/com.st.stm32cube.ide.mcu.externaltools.gnu-tools-for-stm32.13.3.rel1.win32_1.0.0.202411081344/tools/bin/../lib/gcc/arm-none-eabi/13.3.1/../../../../arm-none-eabi/lib/thumb/v7e-m+fp/hard\libc_nano.a(libc_a-reallocr.o)
 .ARM.attributes
                0x000008e7       0x34 C:/ST/STM32CubeIDE_1.14.1/STM32CubeIDE/plugins/com.st.stm32cube.ide.mcu.externaltools.gnu-tools-for-stm32.13.3.rel1.win32_1.0.0.202411081344/tools/bin/../lib/gcc/arm-none-eabi/13.3.1/../../../../arm-none-eabi/lib/thumb/v7e-m+fp/hard\libc_nano.a(libc_a-msizer.o)
 .ARM.attributes
                0x0000091b       0x22 C:/ST/STM32CubeIDE_1.14.1/STM32CubeIDE/plugins/com.st.stm32cube.ide.mcu.externaltools.gnu-tools-for-stm32.13.3.rel1.win32_1.0.0.202411081344/tools/bin/../lib/gcc/arm-none-eabi/13.3.1/thumb/v7e-m+fp/hard\libgcc.a(_arm_muldf3.o)
 .ARM.attributes
                0x0000093d       0x22 C:/ST/STM32CubeIDE_1.14.1/STM32CubeIDE/plugins/com.st.stm32cube.ide.mcu.externaltools.gnu-tools-for-stm32.13.3.rel1.win32_1.0.0.202411081344/tools/bin/../lib/gcc/arm-none-eabi/13.3.1/thumb/v7e-m+fp/hard\libgcc.a(_arm_addsubdf3.o)
 .ARM.attributes
                0x0000095f       0x22 C:/ST/STM32CubeIDE_1.14.1/STM32CubeIDE/plugins/com.st.stm32cube.ide.mcu.externaltools.gnu-tools-for-stm32.13.3.rel1.win32_1.0.0.202411081344/tools/bin/../lib/gcc/arm-none-eabi/13.3.1/thumb/v7e-m+fp/hard\libgcc.a(_arm_fixdfsi.o)
 .ARM.attributes
                0x00000981       0x22 C:/ST/STM32CubeIDE_1.14.1/STM32CubeIDE/plugins/com.st.stm32cube.ide.mcu.externaltools.gnu-tools-for-stm32.13.3.rel1.win32_1.0.0.202411081344/tools/bin/../lib/gcc/arm-none-eabi/13.3.1/thumb/v7e-m+fp/hard\libgcc.a(_aeabi_uldivmod.o)
 .ARM.attributes
                0x000009a3       0x34 C:/ST/STM32CubeIDE_1.14.1/STM32CubeIDE/plugins/com.st.stm32cube.ide.mcu.externaltools.gnu-tools-for-stm32.13.3.rel1.win32_1.0.0.202411081344/tools/bin/../lib/gcc/arm-none-eabi/13.3.1/thumb/v7e-m+fp/hard\libgcc.a(_udivmoddi4.o)
 .ARM.attributes