../Core/Src/main.c:235:6:HAL_ADC_ConvCpltCallback	16	static
../Core/Src/main.c:243:8:Curr	16	static
../Core/Src/main.c:250:6:HAL_TIM_PeriodElapsedCallback	16	static
../Core/Src/main.c:323:6:HAL_CAN_RxFifo0MsgPendingCallback	16	static
../Core/Src/main.c:543:6:LORA_SendString	120	static
../Core/Src/main.c:553:6:NEXTION_SendString	72	static
../Core/Src/main.c:560:6:NEXTION_SendNum	24	static
../Core/Src/main.c:568:6:SendtoPB	56	static
../Core/Src/main.c:587:5:main	152	static
../Core/Src/main.c:883:6:SystemClock_Config	88	static
../Core/Src/main.c:929:13:MX_ADC1_Init	24	static
../Core/Src/main.c:981:13:MX_CAN1_Init	8	static
../Core/Src/main.c:1018:13:MX_SPI1_Init	8	static
../Core/Src/main.c:1056:13:MX_TIM2_Init	32	static
../Core/Src/main.c:1101:13:MX_UART4_Init	8	static
../Core/Src/main.c:1134:13:MX_UART5_Init	8	static
../Core/Src/main.c:1165:13:MX_DMA_Init	16	static
../Core/Src/main.c:1183:13:MX_GPIO_Init	56	static
../Core/Src/main.c:1239:6:Error_Handler	4	static,ignoring_inline_asm
